Component: ARM Compiler 5.06 update 7 (build 960) Tool: armlink [4d3601]

==============================================================================

Section Cross References

    startup_stm32f407xx.o(STACK) refers (Special) to heapauxi.o(.text) for __use_two_region_memory
    startup_stm32f407xx.o(HEAP) refers (Special) to heapauxi.o(.text) for __use_two_region_memory
    startup_stm32f407xx.o(RESET) refers (Special) to heapauxi.o(.text) for __use_two_region_memory
    startup_stm32f407xx.o(RESET) refers to startup_stm32f407xx.o(STACK) for __initial_sp
    startup_stm32f407xx.o(RESET) refers to startup_stm32f407xx.o(.text) for Reset_Handler
    startup_stm32f407xx.o(RESET) refers to stm32f4xx_it.o(i.NMI_Handler) for NMI_Handler
    startup_stm32f407xx.o(RESET) refers to stm32f4xx_it.o(i.HardFault_Handler) for HardFault_Handler
    startup_stm32f407xx.o(RESET) refers to stm32f4xx_it.o(i.MemManage_Handler) for MemManage_Handler
    startup_stm32f407xx.o(RESET) refers to stm32f4xx_it.o(i.BusFault_Handler) for BusFault_Handler
    startup_stm32f407xx.o(RESET) refers to stm32f4xx_it.o(i.UsageFault_Handler) for UsageFault_Handler
    startup_stm32f407xx.o(RESET) refers to port.o(.emb_text) for SVC_Handler
    startup_stm32f407xx.o(RESET) refers to stm32f4xx_it.o(i.DebugMon_Handler) for DebugMon_Handler
    startup_stm32f407xx.o(RESET) refers to port.o(i.SysTick_Handler) for SysTick_Handler
    startup_stm32f407xx.o(RESET) refers to stm32f4xx_it.o(i.EXTI0_IRQHandler) for EXTI0_IRQHandler
    startup_stm32f407xx.o(RESET) refers to stm32f4xx_it.o(i.EXTI3_IRQHandler) for EXTI3_IRQHandler
    startup_stm32f407xx.o(RESET) refers to stm32f4xx_it.o(i.EXTI4_IRQHandler) for EXTI4_IRQHandler
    startup_stm32f407xx.o(RESET) refers to stm32f4xx_it.o(i.DMA1_Stream1_IRQHandler) for DMA1_Stream1_IRQHandler
    startup_stm32f407xx.o(RESET) refers to stm32f4xx_it.o(i.CAN1_RX0_IRQHandler) for CAN1_RX0_IRQHandler
    startup_stm32f407xx.o(RESET) refers to stm32f4xx_it.o(i.EXTI9_5_IRQHandler) for EXTI9_5_IRQHandler
    startup_stm32f407xx.o(RESET) refers to stm32f4xx_it.o(i.TIM2_IRQHandler) for TIM2_IRQHandler
    startup_stm32f407xx.o(RESET) refers to stm32f4xx_it.o(i.USART1_IRQHandler) for USART1_IRQHandler
    startup_stm32f407xx.o(RESET) refers to stm32f4xx_it.o(i.USART3_IRQHandler) for USART3_IRQHandler
    startup_stm32f407xx.o(RESET) refers to stm32f4xx_it.o(i.TIM8_TRG_COM_TIM14_IRQHandler) for TIM8_TRG_COM_TIM14_IRQHandler
    startup_stm32f407xx.o(RESET) refers to stm32f4xx_it.o(i.DMA2_Stream1_IRQHandler) for DMA2_Stream1_IRQHandler
    startup_stm32f407xx.o(RESET) refers to stm32f4xx_it.o(i.DMA2_Stream2_IRQHandler) for DMA2_Stream2_IRQHandler
    startup_stm32f407xx.o(RESET) refers to stm32f4xx_it.o(i.DMA2_Stream3_IRQHandler) for DMA2_Stream3_IRQHandler
    startup_stm32f407xx.o(RESET) refers to stm32f4xx_it.o(i.CAN2_RX0_IRQHandler) for CAN2_RX0_IRQHandler
    startup_stm32f407xx.o(RESET) refers to stm32f4xx_it.o(i.OTG_FS_IRQHandler) for OTG_FS_IRQHandler
    startup_stm32f407xx.o(RESET) refers to stm32f4xx_it.o(i.DMA2_Stream5_IRQHandler) for DMA2_Stream5_IRQHandler
    startup_stm32f407xx.o(RESET) refers to stm32f4xx_it.o(i.DMA2_Stream6_IRQHandler) for DMA2_Stream6_IRQHandler
    startup_stm32f407xx.o(RESET) refers to stm32f4xx_it.o(i.DMA2_Stream7_IRQHandler) for DMA2_Stream7_IRQHandler
    startup_stm32f407xx.o(RESET) refers to stm32f4xx_it.o(i.USART6_IRQHandler) for USART6_IRQHandler
    startup_stm32f407xx.o(.text) refers (Special) to heapauxi.o(.text) for __use_two_region_memory
    startup_stm32f407xx.o(.text) refers to system_stm32f4xx.o(i.SystemInit) for SystemInit
    startup_stm32f407xx.o(.text) refers to __main.o(!!!main) for __main
    startup_stm32f407xx.o(.text) refers to startup_stm32f407xx.o(HEAP) for Heap_Mem
    startup_stm32f407xx.o(.text) refers to startup_stm32f407xx.o(STACK) for Stack_Mem
    bsp_delay.o(i.delay_init) refers to system_stm32f4xx.o(.data) for SystemCoreClock
    bsp_delay.o(i.delay_init) refers to bsp_delay.o(.data) for .data
    bsp_delay.o(i.delay_ms) refers to bsp_delay.o(.data) for .data
    bsp_delay.o(i.delay_us) refers to bsp_delay.o(.data) for .data
    bsp_imu_pwm.o(i.imu_pwm_set) refers to tim.o(.bss) for htim10
    bsp_spi.o(i.SPI1_DMA_enable) refers to spi.o(.bss) for hdma_spi1_rx
    bsp_spi.o(i.SPI1_DMA_init) refers to spi.o(.bss) for hspi1
    bsp_rc.o(i.RC_Init) refers to usart.o(.bss) for huart3
    bsp_rc.o(i.RC_restart) refers to usart.o(.bss) for huart3
    bsp_rc.o(i.RC_unable) refers to usart.o(.bss) for huart3
    bsp_can.o(i.can_filter_init) refers to stm32f4xx_hal_can.o(i.HAL_CAN_ConfigFilter) for HAL_CAN_ConfigFilter
    bsp_can.o(i.can_filter_init) refers to stm32f4xx_hal_can.o(i.HAL_CAN_Start) for HAL_CAN_Start
    bsp_can.o(i.can_filter_init) refers to stm32f4xx_hal_can.o(i.HAL_CAN_ActivateNotification) for HAL_CAN_ActivateNotification
    bsp_can.o(i.can_filter_init) refers to can.o(.bss) for hcan1
[...]
    motor_chassis                            0x200016d0   Data          88  can_receive.o(.bss)
    motor_gimbal                             0x20001728   Data          44  can_receive.o(.bss)
    connect_data                             0x20001754   Data          24  can_receive.o(.bss)
    debug_data_fp32                          0x2000176c   Data          16  can_receive.o(.bss)
    Game_Status                              0x2000177c   Data          11  referee.o(.bss)
    Game_Robot_HP                            0x20001787   Data          28  referee.o(.bss)
    Game_Robot_State                         0x200017a3   Data          13  referee.o(.bss)
    Power_Heat_Data                          0x200017b0   Data          16  referee.o(.bss)
    Game_Robot_Pos                           0x200017c0   Data          12  referee.o(.bss)
    Robot_Command                            0x200017cc   Data          11  referee.o(.bss)
    Client_Map_Command                       0x200017d7   Data          10  referee.o(.bss)
    UI_Graph5                                0x200017e1   Data          90  referee.o(.bss)
    UI_Graph7                                0x2000183b   Data         120  referee.o(.bss)
    UI_String                                0x200018b3   Data          60  referee.o(.bss)
    UI_String_2                              0x200018ef   Data          60  referee.o(.bss)
    DM9015_rx_buf                            0x20001930   Data          16  dm9015.o(.bss)
    DM9015_measure                           0x20001940   Data          80  dm9015.o(.bss)
    hcan1                                    0x20002038   Data          40  can.o(.bss)
    hcan2                                    0x20002060   Data          40  can.o(.bss)
    hi2c3                                    0x20002088   Data          84  i2c.o(.bss)
    hspi1                                    0x200020dc   Data          88  spi.o(.bss)
    hdma_spi1_rx                             0x20002134   Data          96  spi.o(.bss)
    hdma_spi1_tx                             0x20002194   Data          96  spi.o(.bss)
    htim1                                    0x200021f4   Data          72  tim.o(.bss)
    htim3                                    0x2000223c   Data          72  tim.o(.bss)
    htim10                                   0x20002284   Data          72  tim.o(.bss)
    htim14                                   0x200022cc   Data          72  tim.o(.bss)
    huart1                                   0x20002314   Data          68  usart.o(.bss)
    huart3                                   0x20002358   Data          68  usart.o(.bss)
    huart6                                   0x2000239c   Data          68  usart.o(.bss)
    hdma_usart1_tx                           0x200023e0   Data          96  usart.o(.bss)
    hdma_usart1_rx                           0x20002440   Data          96  usart.o(.bss)
    hdma_usart3_rx                           0x200024a0   Data          96  usart.o(.bss)
    hdma_usart6_rx                           0x20002500   Data          96  usart.o(.bss)
    hdma_usart6_tx                           0x20002560   Data          96  usart.o(.bss)
    hUsbDeviceFS                             0x200025c0   Data         732  usb_device.o(.bss)
    hpcd_USB_OTG_FS                          0x20002abc   Data        1292  usbd_conf.o(.bss)
    USBD_StrDesc                             0x20002fc8   Data         512  usbd_desc.o(.bss)
    UserRxBufferFS                           0x200031c8   Data        2048  usbd_cdc_if.o(.bss)
    UserTxBufferFS                           0x200039c8   Data        2048  usbd_cdc_if.o(.bss)
    htim2                                    0x200041c8   Data          72  stm32f4xx_hal_timebase_tim.o(.bss)
    xQueueRegistry                           0x20004210   Data          64  queue.o(.bss)
    __libspace_start                         0x2000a450   Data          96  libspace.o(.bss)
    __temporary_stack_top$libspace           0x2000a4b0   Data           0  libspace.o(.bss)



==============================================================================

Memory Map of the image

  Image Entry point : 0x08000189

  Load Region LR_IROM1 (Base: 0x08000000, Size: 0x00011d28, Max: 0x00100000, ABSOLUTE, COMPRESSED[0x00011ac8])

    Execution Region ER_IROM1 (Exec base: 0x08000000, Load base: 0x08000000, Size: 0x0001193c, Max: 0x00100000, ABSOLUTE)

    Exec Addr    Load Addr    Size         Type   Attr      Idx    E Section Name        Object

    0x08000000   0x08000000   0x00000188   Data   RO            3    RESET               startup_stm32f407xx.o
    0x08000188   0x08000188   0x00000008   Code   RO        15180  * !!!main             c_w.l(__main.o)
    0x08000190   0x08000190   0x00000034   Code   RO        15659    !!!scatter          c_w.l(__scatter.o)
    0x080001c4   0x080001c4   0x0000005a   Code   RO        15657    !!dczerorl2         c_w.l(__dczerorl2.o)
    0x0800021e   0x0800021e   0x00000002   PAD
    0x08000220   0x08000220   0x0000001c   Code   RO        15661    !!handler_zi        c_w.l(__scatter_zi.o)
    0x0800023c   0x0800023c   0x00000002   Code   RO        15590    .ARM.Collect$$libinit$$00000000  c_w.l(libinit.o)
    0x0800023e   0x0800023e   0x00000004   Code   RO        15414    .ARM.Collect$$libinit$$00000001  c_w.l(libinit2.o)
    0x08000242   0x08000242   0x00000000   Code   RO        15417    .ARM.Collect$$libinit$$00000004  c_w.l(libinit2.o)
    0x08000242   0x08000242   0x00000000   Code   RO        15420    .ARM.Collect$$libinit$$0000000A  c_w.l(libinit2.o)
    0x08000242   0x08000242   0x00000000   Code   RO        15422    .ARM.Collect$$libinit$$0000000C  c_w.l(libinit2.o)
    0x08000242   0x08000242   0x00000000   Code   RO        15424    .ARM.Collect$$libinit$$0000000E  c_w.l(libinit2.o)
    0x08000242   0x08000242   0x00000000   Code   RO        15427    .ARM.Collect$$libinit$$00000011  c_w.l(libinit2.o)
    0x08000242   0x08000242   0x00000000   Code   RO        15429    .ARM.Collect$$libinit$$00000013  c_w.l(libinit2.o)
    0x08000242   0x08000242   0x00000000   Code   RO        15431    .ARM.Collect$$libinit$$00000015  c_w.l(libinit2.o)
    0x08000242   0x08000242   0x00000000   Code   RO        15433    .ARM.Collect$$libinit$$00000017  c_w.l(libinit2.o)
    0x08000242   0x08000242   0x00000000   Code   RO        15435    .ARM.Collect$$libinit$$00000019  c_w.l(libinit2.o)
    0x08000242   0x08000242   0x00000000   Code   RO        15437    .ARM.Collect$$libinit$$0000001B  c_w.l(libinit2.o)
    0x08000242   0x08000242   0x00000000   Code   RO        15439    .ARM.Collect$$libinit$$0000001D  c_w.l(libinit2.o)
    0x08000242   0x08000242   0x00000000   Code   RO        15441    .ARM.Collect$$libinit$$0000001F  c_w.l(libinit2.o)
    0x08000242   0x08000242   0x00000000   Code   RO        15443    .ARM.Collect$$libinit$$00000021  c_w.l(libinit2.o)
    0x08000242   0x08000242   0x00000000   Code   RO        15445    .ARM.Collect$$libinit$$00000023  c_w.l(libinit2.o)
    0x08000242   0x08000242   0x00000000   Code   RO        15447    .ARM.Collect$$libinit$$00000025  c_w.l(libinit2.o)
    0x08000242   0x08000242   0x00000000   Code   RO        15451    .ARM.Collect$$libinit$$0000002C  c_w.l(libinit2.o)
    0x08000242   0x08000242   0x00000000   Code   RO        15453    .ARM.Collect$$libinit$$0000002E  c_w.l(libinit2.o)
    0x08000242   0x08000242   0x00000000   Code   RO        15455    .ARM.Collect$$libinit$$00000030  c_w.l(libinit2.o)
    0x08000242   0x08000242   0x00000000   Code   RO        15457    .ARM.Collect$$libinit$$00000032  c_w.l(libinit2.o)
    0x08000242   0x08000242   0x00000002   Code   RO        15458    .ARM.Collect$$libinit$$00000033  c_w.l(libinit2.o)
    0x08000244   0x08000244   0x00000002   Code   RO        15654    .ARM.Collect$$libshutdown$$00000000  c_w.l(libshutdown.o)
    0x08000246   0x08000246   0x00000000   Code   RO        15608    .ARM.Collect$$libshutdown$$00000002  c_w.l(libshutdown2.o)
    0x08000246   0x08000246   0x00000000   Code   RO        15610    .ARM.Collect$$libshutdown$$00000004  c_w.l(libshutdown2.o)
    0x08000246   0x08000246   0x00000000   Code   RO        15612    .ARM.Collect$$libshutdown$$00000006  c_w.l(libshutdown2.o)
    0x08000246   0x08000246   0x00000000   Code   RO        15615    .ARM.Collect$$libshutdown$$00000009  c_w.l(libshutdown2.o)
    0x08000246   0x08000246   0x00000000   Code   RO        15618    .ARM.Collect$$libshutdown$$0000000C  c_w.l(libshutdown2.o)
    0x08000246   0x08000246   0x00000000   Code   RO        15620    .ARM.Collect$$libshutdown$$0000000E  c_w.l(libshutdown2.o)
    0x08000246   0x08000246   0x00000000   Code   RO        15623    .ARM.Collect$$libshutdown$$00000011  c_w.l(libshutdown2.o)
    0x08000246   0x08000246   0x00000002   Code   RO        15624    .ARM.Collect$$libshutdown$$00000012  c_w.l(libshutdown2.o)
    0x08000248   0x08000248   0x00000000   Code   RO        15380    .ARM.Collect$$rtentry$$00000000  c_w.l(__rtentry.o)
    0x08000248   0x08000248   0x00000000   Code   RO        15520    .ARM.Collect$$rtentry$$00000002  c_w.l(__rtentry2.o)
    0x08000248   0x08000248   0x00000006   Code   RO        15532    .ARM.Collect$$rtentry$$00000004  c_w.l(__rtentry4.o)
    0x0800024e   0x0800024e   0x00000000   Code   RO        15522    .ARM.Collect$$rtentry$$00000009  c_w.l(__rtentry2.o)
    0x0800024e   0x0800024e   0x00000004   Code   RO        15523    .ARM.Collect$$rtentry$$0000000A  c_w.l(__rtentry2.o)
    0x08000252   0x08000252   0x00000000   Code   RO        15525    .ARM.Collect$$rtentry$$0000000C  c_w.l(__rtentry2.o)
    0x08000252   0x08000252   0x00000008   Code   RO        15526    .ARM.Collect$$rtentry$$0000000D  c_w.l(__rtentry2.o)
    0x0800025a   0x0800025a   0x00000002   Code   RO        15595    .ARM.Collect$$rtexit$$00000000  c_w.l(rtexit.o)
    0x0800025c   0x0800025c   0x00000000   Code   RO        15630    .ARM.Collect$$rtexit$$00000002  c_w.l(rtexit2.o)
    0x0800025c   0x0800025c   0x00000004   Code   RO        15631    .ARM.Collect$$rtexit$$00000003  c_w.l(rtexit2.o)
    0x08000260   0x08000260   0x00000006   Code   RO        15632    .ARM.Collect$$rtexit$$00000004  c_w.l(rtexit2.o)
    0x08000266   0x08000266   0x00000002   PAD
    0x08000268   0x08000268   0x000000be   Code   RO         9216    .emb_text           port.o
    0x08000326   0x08000326   0x00000002   PAD
    0x08000328   0x08000328   0x00000040   Code   RO            4    .text               startup_stm32f407xx.o
    0x08000368   0x08000368   0x000000ee   Code   RO        15156    .text               c_w.l(lludivv7m.o)
    0x08000456   0x08000456   0x0000003e   Code   RO        15164    .text               c_w.l(strlen.o)
    0x08000494   0x08000494   0x0000008a   Code   RO        15166    .text               c_w.l(rt_memcpy_v6.o)
    0x0800051e   0x0800051e   0x00000064   Code   RO        15168    .text               c_w.l(rt_memcpy_w.o)
    0x08000582   0x08000582   0x00000010   Code   RO        15172    .text               c_w.l(aeabi_memset.o)
    0x08000592   0x08000592   0x00000044   Code   RO        15174    .text               c_w.l(rt_memclr.o)
    0x080005d6   0x080005d6   0x0000004e   Code   RO        15176    .text               c_w.l(rt_memclr_w.o)
    0x08000624   0x08000624   0x00000006   Code   RO        15178    .text               c_w.l(heapauxi.o)
    0x0800062a   0x0800062a   0x00000016   Code   RO        15410    .text               c_w.l(_rserrno.o)
    0x08000640   0x08000640   0x00000008   Code   RO        15516    .text               c_w.l(libspace.o)
    0x08000648   0x08000648   0x00000008   Code   RO        15539    .text               c_w.l(rt_errno_addr_intlibspace.o)
    0x08000650   0x08000650   0x00000002   Code   RO        15562    .text               c_w.l(use_no_semi.o)
    0x08000652   0x08000652   0x00000000   Code   RO        15564    .text               c_w.l(indicate_semi.o)
    0x08000652   0x08000652   0x0000004a   Code   RO        15565    .text               c_w.l(sys_stackheap_outer.o)
    0x0800069c   0x0800069c   0x00000012   Code   RO        15571    .text               c_w.l(exit.o)
    0x080006ae   0x080006ae   0x00000002   PAD
    0x080006b0   0x080006b0   0x0000000c   Code   RO        15593    .text               c_w.l(sys_exit.o)
    0x080006bc   0x080006bc   0x00000004   Code   RO         2150    i.AHRS_asinf        ahrs_middleware.o
    0x080006c0   0x080006c0   0x00000004   Code   RO         2151    i.AHRS_atan2f       ahrs_middleware.o
    0x080006c4   0x080006c4   0x00000004   Code   RO         2152    i.AHRS_cosf         ahrs_middleware.o
    0x080006c8   0x080006c8   0x0000001a   Code   RO        15005    i.AHRS_fabs         AHRS.lib(ahrs.o)
    0x080006e2   0x080006e2   0x00000002   PAD
    0x080006e4   0x080006e4   0x00000014   Code   RO         2153    i.AHRS_get_height   ahrs_middleware.o
    0x080006f8   0x080006f8   0x0000000e   Code   RO         2154    i.AHRS_get_latitude  ahrs_middleware.o
    0x08000706   0x08000706   0x00000002   PAD
    0x08000708   0x08000708   0x0000029c   Code   RO        15006    i.AHRS_init         AHRS.lib(ahrs.o)
    0x080009a4   0x080009a4   0x00000014   Code   RO         2155    i.AHRS_invSqrt      ahrs_middleware.o
    0x080009b8   0x080009b8   0x00000004   Code   RO         2156    i.AHRS_sinf         ahrs_middleware.o
    0x080009bc   0x080009bc   0x0000013a   Code   RO        15007    i.AHRS_update       AHRS.lib(ahrs.o)
    0x08000af6   0x08000af6   0x00000002   PAD
    0x08000af8   0x08000af8   0x00000010   Code   RO         2041    i.BMI088_ACCEL_NS_H  bmi088middleware.o
    0x08000b08   0x08000b08   0x00000010   Code   RO         2042    i.BMI088_ACCEL_NS_L  bmi088middleware.o
    0x08000b18   0x08000b18   0x00000002   Code   RO         2043    i.BMI088_GPIO_init  bmi088middleware.o
    0x08000b1a   0x08000b1a   0x00000002   PAD
    0x08000b1c   0x08000b1c   0x00000010   Code   RO         2044    i.BMI088_GYRO_NS_H  bmi088middleware.o
    0x08000b2c   0x08000b2c   0x00000010   Code   RO         2045    i.BMI088_GYRO_NS_L  bmi088middleware.o
    0x08000b3c   0x08000b3c   0x00000088   Code   RO         1905    i.BMI088_accel_read_over  bmi088driver.o
    0x08000bc4   0x08000bc4   0x00000002   Code   RO         2046    i.BMI088_com_init   bmi088middleware.o
    0x08000bc6   0x08000bc6   0x00000004   Code   RO         2047    i.BMI088_delay_ms   bmi088middleware.o
    0x08000bca   0x08000bca   0x00000004   Code   RO         2048    i.BMI088_delay_us   bmi088middleware.o
    0x08000bce   0x08000bce   0x00000002   PAD
    0x08000bd0   0x08000bd0   0x00000060   Code   RO         1906    i.BMI088_gyro_read_over  bmi088driver.o
    0x08000c30   0x08000c30   0x0000002e   Code   RO         1907    i.BMI088_init       bmi088driver.o
    0x08000c5e   0x08000c5e   0x00000002   PAD
    0x08000c60   0x08000c60   0x00000158   Code   RO         1908    i.BMI088_read       bmi088driver.o
    0x08000db8   0x08000db8   0x00000024   Code   RO         1911    i.BMI088_read_muli_reg  bmi088driver.o
    0x08000ddc   0x08000ddc   0x00000016   Code   RO         1912    i.BMI088_read_single_reg  bmi088driver.o
    0x08000df2   0x08000df2   0x00000002   PAD
    0x08000df4   0x08000df4   0x00000020   Code   RO         2049    i.BMI088_read_write_byte  bmi088middleware.o
    0x08000e14   0x08000e14   0x0000002e   Code   RO         1913    i.BMI088_temperature_read_over  bmi088driver.o
    0x08000e42   0x08000e42   0x00000012   Code   RO         1914    i.BMI088_write_single_reg  bmi088driver.o
    0x08000e54   0x08000e54   0x00000002   Code   RO         3376    i.BusFault_Handler  stm32f4xx_it.o
    0x08000e56   0x08000e56   0x00000002   PAD
    0x08000e58   0x08000e58   0x0000000c   Code   RO         3377    i.CAN1_RX0_IRQHandler  stm32f4xx_it.o
    0x08000e64   0x08000e64   0x0000000c   Code   RO         3378    i.CAN2_RX0_IRQHandler  stm32f4xx_it.o
    0x08000e70   0x08000e70   0x00000050   Code   RO         1624    i.CAN_Gimbal_CMD    can_receive.o
    0x08000ec0   0x08000ec0   0x00000048   Code   RO         1626    i.CAN_cmd_chassis   can_receive.o
    0x08000f08   0x08000f08   0x00000004   Code   RO         3319    i.CDC_Control_FS    usbd_cdc_if.o
    0x08000f0c   0x08000f0c   0x00000004   Code   RO         3320    i.CDC_DeInit_FS     usbd_cdc_if.o
    0x08000f10   0x08000f10   0x00000024   Code   RO         3321    i.CDC_Init_FS       usbd_cdc_if.o
    0x08000f34   0x08000f34   0x00000018   Code   RO         3322    i.CDC_Receive_FS    usbd_cdc_if.o
    0x08000f4c   0x08000f4c   0x00000004   Code   RO         3323    i.CDC_TransmitCplt_FS  usbd_cdc_if.o
    0x08000f50   0x08000f50   0x00000020   Code   RO         9994    i.CRC08_Calculate   crcs.o
    0x08000f70   0x08000f70   0x00000024   Code   RO         9995    i.CRC08_Verify      crcs.o
    0x08000f94   0x08000f94   0x00000028   Code   RO         9997    i.CRC16_Calculate   crcs.o
    0x08000fbc   0x08000fbc   0x00000030   Code   RO         9998    i.CRC16_Verify      crcs.o
    0x08000fec   0x08000fec   0x00000228   Code   RO          869    i.ChassisControl_Task  chassiscontrol_task.o
    0x08001214   0x08001214   0x00000120   Code   RO          996    i.ChassisDetect_Task  chassisdetect_task.o
    0x08001334   0x08001334   0x00000180   Code   RO         1075    i.ChassisSwitch_Task  chassisswitch_task.o
    0x080014b4   0x080014b4   0x0000006c   Code   RO          870    i.Chassis_CapPowerControl  chassiscontrol_task.o
    0x08001520   0x08001520   0x00000100   Code   RO          871    i.Chassis_RefereePowerControl  chassiscontrol_task.o
    0x08001620   0x08001620   0x00000050   Code   RO         2429    i.DM9015_send       dm9015.o
    0x08001670   0x08001670   0x00000088   Code   RO         2430    i.DM9015_unpack     dm9015.o
    0x080016f8   0x080016f8   0x00000064   Code   RO         2431    i.DM9015_usart_init  dm9015.o
    0x0800175c   0x0800175c   0x0000000c   Code   RO         3379    i.DMA1_Stream1_IRQHandler  stm32f4xx_it.o
    0x08001768   0x08001768   0x0000000c   Code   RO         3380    i.DMA2_Stream1_IRQHandler  stm32f4xx_it.o
    0x08001774   0x08001774   0x00000004   Code   RO         3381    i.DMA2_Stream2_IRQHandler  stm32f4xx_it.o
    0x08001778   0x08001778   0x000002c4   Code   RO          492    i.DMA2_Stream2_IRQHandler_1  ins_task.o
    0x08001a3c   0x08001a3c   0x0000000c   Code   RO         3382    i.DMA2_Stream3_IRQHandler  stm32f4xx_it.o
    0x08001a48   0x08001a48   0x0000000c   Code   RO         3383    i.DMA2_Stream5_IRQHandler  stm32f4xx_it.o
    0x08001a54   0x08001a54   0x0000000c   Code   RO         3384    i.DMA2_Stream6_IRQHandler  stm32f4xx_it.o
    0x08001a60   0x08001a60   0x0000000c   Code   RO         3385    i.DMA2_Stream7_IRQHandler  stm32f4xx_it.o
    0x08001a6c   0x08001a6c   0x00000028   Code   RO         4655    i.DMA_CalcBaseAndBitshift  stm32f4xx_hal_dma.o
    0x08001a94   0x08001a94   0x00000054   Code   RO         4656    i.DMA_CheckFifoParam  stm32f4xx_hal_dma.o
    0x08001ae8   0x08001ae8   0x00000028   Code   RO         4657    i.DMA_SetConfig     stm32f4xx_hal_dma.o
    0x08001b10   0x08001b10   0x00000002   Code   RO         3386    i.DebugMon_Handler  stm32f4xx_it.o
    0x08001b12   0x08001b12   0x00000006   Code   RO         3387    i.EXTI0_IRQHandler  stm32f4xx_it.o
    0x08001b18   0x08001b18   0x00000006   Code   RO         3388    i.EXTI3_IRQHandler  stm32f4xx_it.o
    0x08001b1e   0x08001b1e   0x00000006   Code   RO         3389    i.EXTI4_IRQHandler  stm32f4xx_it.o
    0x08001b24   0x08001b24   0x00000006   Code   RO         3390    i.EXTI9_5_IRQHandler  stm32f4xx_it.o
    0x08001b2a   0x08001b2a   0x00000004   Code   RO         2489    i.Error_Handler     main.o
    0x08001b2e   0x08001b2e   0x00000002   PAD
    0x08001b30   0x08001b30   0x00000050   Code   RO          723    i.Gimbal_Task       gimbal_task.o
    0x08001b80   0x08001b80   0x00000024   Code   RO         5329    i.HAL_CAN_ActivateNotification  stm32f4xx_hal_can.o
    0x08001ba4   0x08001ba4   0x000000dc   Code   RO         5330    i.HAL_CAN_AddTxMessage  stm32f4xx_hal_can.o
    0x08001c80   0x08001c80   0x0000010c   Code   RO         5331    i.HAL_CAN_ConfigFilter  stm32f4xx_hal_can.o
    0x08001d8c   0x08001d8c   0x00000002   Code   RO         5334    i.HAL_CAN_ErrorCallback  stm32f4xx_hal_can.o
    0x08001d8e   0x08001d8e   0x000000e8   Code   RO         5337    i.HAL_CAN_GetRxMessage  stm32f4xx_hal_can.o
    0x08001e76   0x08001e76   0x000001fc   Code   RO         5341    i.HAL_CAN_IRQHandler  stm32f4xx_hal_can.o
    0x08002072   0x08002072   0x0000011a   Code   RO         5342    i.HAL_CAN_Init      stm32f4xx_hal_can.o
    0x0800218c   0x0800218c   0x000000fc   Code   RO         2678    i.HAL_CAN_MspInit   can.o
    0x08002288   0x08002288   0x00000002   Code   RO         5349    i.HAL_CAN_RxFifo0FullCallback  stm32f4xx_hal_can.o
    0x0800228a   0x0800228a   0x00000002   PAD
    0x0800228c   0x0800228c   0x00000108   Code   RO         1627    i.HAL_CAN_RxFifo0MsgPendingCallback  can_receive.o
    0x08002394   0x08002394   0x00000002   Code   RO         5351    i.HAL_CAN_RxFifo1FullCallback  stm32f4xx_hal_can.o
    0x08002396   0x08002396   0x00000002   Code   RO         5352    i.HAL_CAN_RxFifo1MsgPendingCallback  stm32f4xx_hal_can.o
    0x08002398   0x08002398   0x00000002   Code   RO         5353    i.HAL_CAN_SleepCallback  stm32f4xx_hal_can.o
    0x0800239a   0x0800239a   0x00000002   PAD
    0x0800239c   0x0800239c   0x00000058   Code   RO         5354    i.HAL_CAN_Start     stm32f4xx_hal_can.o
    0x080023f4   0x080023f4   0x00000002   Code   RO         5356    i.HAL_CAN_TxMailbox0AbortCallback  stm32f4xx_hal_can.o
    0x080023f6   0x080023f6   0x00000002   Code   RO         5357    i.HAL_CAN_TxMailbox0CompleteCallback  stm32f4xx_hal_can.o
    0x080023f8   0x080023f8   0x00000002   Code   RO         5358    i.HAL_CAN_TxMailbox1AbortCallback  stm32f4xx_hal_can.o
    0x080023fa   0x080023fa   0x00000002   Code   RO         5359    i.HAL_CAN_TxMailbox1CompleteCallback  stm32f4xx_hal_can.o
    0x080023fc   0x080023fc   0x00000002   Code   RO         5360    i.HAL_CAN_TxMailbox2AbortCallback  stm32f4xx_hal_can.o
    0x080023fe   0x080023fe   0x00000002   Code   RO         5361    i.HAL_CAN_TxMailbox2CompleteCallback  stm32f4xx_hal_can.o
    0x08002400   0x08002400   0x00000002   Code   RO         5363    i.HAL_CAN_WakeUpFromRxMsgCallback  stm32f4xx_hal_can.o
    0x08002402   0x08002402   0x00000022   Code   RO         5566    i.HAL_CRC_Init      stm32f4xx_hal_crc.o
    0x08002424   0x08002424   0x00000028   Code   RO         2727    i.HAL_CRC_MspInit   crc.o
    0x0800244c   0x0800244c   0x00000092   Code   RO         4658    i.HAL_DMA_Abort     stm32f4xx_hal_dma.o
    0x080024de   0x080024de   0x00000024   Code   RO         4659    i.HAL_DMA_Abort_IT  stm32f4xx_hal_dma.o
    0x08002502   0x08002502   0x00000002   PAD
    0x08002504   0x08002504   0x000001a0   Code   RO         4663    i.HAL_DMA_IRQHandler  stm32f4xx_hal_dma.o
    0x080026a4   0x080026a4   0x000000d4   Code   RO         4664    i.HAL_DMA_Init      stm32f4xx_hal_dma.o
    0x08002778   0x08002778   0x0000006e   Code   RO         4668    i.HAL_DMA_Start_IT  stm32f4xx_hal_dma.o
    0x080027e6   0x080027e6   0x00000002   PAD
    0x080027e8   0x080027e8   0x00000024   Code   RO         5077    i.HAL_Delay         stm32f4xx_hal.o
    0x0800280c   0x0800280c   0x0000007c   Code   RO          493    i.HAL_GPIO_EXTI_Callback  ins_task.o
    0x08002888   0x08002888   0x00000018   Code   RO         4550    i.HAL_GPIO_EXTI_IRQHandler  stm32f4xx_hal_gpio.o
    0x080028a0   0x080028a0   0x000001f0   Code   RO         4551    i.HAL_GPIO_Init     stm32f4xx_hal_gpio.o
    0x08002a90   0x08002a90   0x00000010   Code   RO         4554    i.HAL_GPIO_TogglePin  stm32f4xx_hal_gpio.o
    0x08002aa0   0x08002aa0   0x0000000a   Code   RO         4555    i.HAL_GPIO_WritePin  stm32f4xx_hal_gpio.o
    0x08002aaa   0x08002aaa   0x00000002   PAD
    0x08002aac   0x08002aac   0x0000000c   Code   RO         5083    i.HAL_GetTick       stm32f4xx_hal.o
    0x08002ab8   0x08002ab8   0x00000188   Code   RO         5633    i.HAL_I2C_Init      stm32f4xx_hal_i2c.o
    0x08002c40   0x08002c40   0x00000088   Code   RO         2793    i.HAL_I2C_MspInit   i2c.o
    0x08002cc8   0x08002cc8   0x00000010   Code   RO         5089    i.HAL_IncTick       stm32f4xx_hal.o
    0x08002cd8   0x08002cd8   0x00000034   Code   RO         5090    i.HAL_Init          stm32f4xx_hal.o
    0x08002d0c   0x08002d0c   0x00000074   Code   RO         3572    i.HAL_InitTick      stm32f4xx_hal_timebase_tim.o
    0x08002d80   0x08002d80   0x00000038   Code   RO         3548    i.HAL_MspInit       stm32f4xx_hal_msp.o
    0x08002db8   0x08002db8   0x0000001a   Code   RO         4940    i.HAL_NVIC_EnableIRQ  stm32f4xx_hal_cortex.o
    0x08002dd2   0x08002dd2   0x00000002   PAD
    0x08002dd4   0x08002dd4   0x00000040   Code   RO         4946    i.HAL_NVIC_SetPriority  stm32f4xx_hal_cortex.o
    0x08002e14   0x08002e14   0x00000024   Code   RO         4947    i.HAL_NVIC_SetPriorityGrouping  stm32f4xx_hal_cortex.o
    0x08002e38   0x08002e38   0x00000002   Code   RO         3850    i.HAL_PCDEx_LPM_Callback  stm32f4xx_hal_pcd_ex.o
    0x08002e3a   0x08002e3a   0x00000008   Code   RO         3851    i.HAL_PCDEx_SetRxFiFo  stm32f4xx_hal_pcd_ex.o
    0x08002e42   0x08002e42   0x00000044   Code   RO         3852    i.HAL_PCDEx_SetTxFiFo  stm32f4xx_hal_pcd_ex.o
    0x08002e86   0x08002e86   0x00000008   Code   RO         3039    i.HAL_PCD_ConnectCallback  usbd_conf.o
    0x08002e8e   0x08002e8e   0x00000012   Code   RO         3040    i.HAL_PCD_DataInStageCallback  usbd_conf.o
    0x08002ea0   0x08002ea0   0x00000014   Code   RO         3041    i.HAL_PCD_DataOutStageCallback  usbd_conf.o
    0x08002eb4   0x08002eb4   0x00000008   Code   RO         3042    i.HAL_PCD_DisconnectCallback  usbd_conf.o
    0x08002ebc   0x08002ebc   0x0000001e   Code   RO         3620    i.HAL_PCD_EP_Abort  stm32f4xx_hal_pcd.o
    0x08002eda   0x08002eda   0x0000004c   Code   RO         3621    i.HAL_PCD_EP_Close  stm32f4xx_hal_pcd.o
    0x08002f26   0x08002f26   0x0000005c   Code   RO         3622    i.HAL_PCD_EP_ClrStall  stm32f4xx_hal_pcd.o
    0x08002f82   0x08002f82   0x00000012   Code   RO         3624    i.HAL_PCD_EP_GetRxCount  stm32f4xx_hal_pcd.o
    0x08002f94   0x08002f94   0x00000060   Code   RO         3625    i.HAL_PCD_EP_Open   stm32f4xx_hal_pcd.o
    0x08002ff4   0x08002ff4   0x00000048   Code   RO         3626    i.HAL_PCD_EP_Receive  stm32f4xx_hal_pcd.o
    0x0800303c   0x0800303c   0x00000074   Code   RO         3627    i.HAL_PCD_EP_SetStall  stm32f4xx_hal_pcd.o
    0x080030b0   0x080030b0   0x00000040   Code   RO         3628    i.HAL_PCD_EP_Transmit  stm32f4xx_hal_pcd.o
    0x080030f0   0x080030f0   0x00000560   Code   RO         3630    i.HAL_PCD_IRQHandler  stm32f4xx_hal_pcd.o
    0x08003650   0x08003650   0x00000008   Code   RO         3043    i.HAL_PCD_ISOINIncompleteCallback  usbd_conf.o
    0x08003658   0x08003658   0x00000008   Code   RO         3044    i.HAL_PCD_ISOOUTIncompleteCallback  usbd_conf.o
    0x08003660   0x08003660   0x000000e2   Code   RO         3633    i.HAL_PCD_Init      stm32f4xx_hal_pcd.o
    0x08003742   0x08003742   0x00000002   PAD
    0x08003744   0x08003744   0x00000084   Code   RO         3046    i.HAL_PCD_MspInit   usbd_conf.o
    0x080037c8   0x080037c8   0x0000002c   Code   RO         3047    i.HAL_PCD_ResetCallback  usbd_conf.o
    0x080037f4   0x080037f4   0x00000008   Code   RO         3048    i.HAL_PCD_ResumeCallback  usbd_conf.o
    0x080037fc   0x080037fc   0x00000008   Code   RO         3049    i.HAL_PCD_SOFCallback  usbd_conf.o
    0x08003804   0x08003804   0x00000028   Code   RO         3639    i.HAL_PCD_SetAddress  stm32f4xx_hal_pcd.o
    0x0800382c   0x0800382c   0x0000000e   Code   RO         3050    i.HAL_PCD_SetupStageCallback  usbd_conf.o
    0x0800383a   0x0800383a   0x00000042   Code   RO         3642    i.HAL_PCD_Start     stm32f4xx_hal_pcd.o
    0x0800387c   0x0800387c   0x00000030   Code   RO         3051    i.HAL_PCD_SuspendCallback  usbd_conf.o
    0x080038ac   0x080038ac   0x00000134   Code   RO         4197    i.HAL_RCC_ClockConfig  stm32f4xx_hal_rcc.o
    0x080039e0   0x080039e0   0x00000040   Code   RO         4201    i.HAL_RCC_GetClockConfig  stm32f4xx_hal_rcc.o
    0x08003a20   0x08003a20   0x0000000c   Code   RO         4202    i.HAL_RCC_GetHCLKFreq  stm32f4xx_hal_rcc.o
    0x08003a2c   0x08003a2c   0x00000020   Code   RO         4204    i.HAL_RCC_GetPCLK1Freq  stm32f4xx_hal_rcc.o
    0x08003a4c   0x08003a4c   0x00000020   Code   RO         4205    i.HAL_RCC_GetPCLK2Freq  stm32f4xx_hal_rcc.o
    0x08003a6c   0x08003a6c   0x00000064   Code   RO         4206    i.HAL_RCC_GetSysClockFreq  stm32f4xx_hal_rcc.o
    0x08003ad0   0x08003ad0   0x0000036c   Code   RO         4209    i.HAL_RCC_OscConfig  stm32f4xx_hal_rcc.o
    0x08003e3c   0x08003e3c   0x000000bc   Code   RO         6083    i.HAL_SPI_Init      stm32f4xx_hal_spi.o
    0x08003ef8   0x08003ef8   0x000000fc   Code   RO         2835    i.HAL_SPI_MspInit   spi.o
    0x08003ff4   0x08003ff4   0x000001e2   Code   RO         6092    i.HAL_SPI_TransmitReceive  stm32f4xx_hal_spi.o
    0x080041d6   0x080041d6   0x00000002   Code   RO         7100    i.HAL_TIMEx_BreakCallback  stm32f4xx_hal_tim_ex.o
    0x080041d8   0x080041d8   0x00000002   Code   RO         7101    i.HAL_TIMEx_CommutCallback  stm32f4xx_hal_tim_ex.o
    0x080041da   0x080041da   0x00000054   Code   RO         7103    i.HAL_TIMEx_ConfigBreakDeadTime  stm32f4xx_hal_tim_ex.o
    0x0800422e   0x0800422e   0x00000002   PAD
    0x08004230   0x08004230   0x00000090   Code   RO         7119    i.HAL_TIMEx_MasterConfigSynchronization  stm32f4xx_hal_tim_ex.o
    0x080042c0   0x080042c0   0x0000005a   Code   RO         6396    i.HAL_TIM_Base_Init  stm32f4xx_hal_tim.o
    0x0800431a   0x0800431a   0x00000002   PAD
    0x0800431c   0x0800431c   0x00000074   Code   RO         2877    i.HAL_TIM_Base_MspInit  tim.o
    0x08004390   0x08004390   0x00000080   Code   RO         6401    i.HAL_TIM_Base_Start_IT  stm32f4xx_hal_tim.o
    0x08004410   0x08004410   0x000000dc   Code   RO         6405    i.HAL_TIM_ConfigClockSource  stm32f4xx_hal_tim.o
    0x080044ec   0x080044ec   0x00000002   Code   RO         6430    i.HAL_TIM_IC_CaptureCallback  stm32f4xx_hal_tim.o
    0x080044ee   0x080044ee   0x00000166   Code   RO         6444    i.HAL_TIM_IRQHandler  stm32f4xx_hal_tim.o
    0x08004654   0x08004654   0x000000b0   Code   RO         2878    i.HAL_TIM_MspPostInit  tim.o
    0x08004704   0x08004704   0x00000002   Code   RO         6447    i.HAL_TIM_OC_DelayElapsedCallback  stm32f4xx_hal_tim.o
    0x08004706   0x08004706   0x000000cc   Code   RO         6468    i.HAL_TIM_PWM_ConfigChannel  stm32f4xx_hal_tim.o
    0x080047d2   0x080047d2   0x0000005a   Code   RO         6471    i.HAL_TIM_PWM_Init  stm32f4xx_hal_tim.o
    0x0800482c   0x0800482c   0x00000028   Code   RO         2880    i.HAL_TIM_PWM_MspInit  tim.o
    0x08004854   0x08004854   0x00000002   Code   RO         6474    i.HAL_TIM_PWM_PulseFinishedCallback  stm32f4xx_hal_tim.o
    0x08004856   0x08004856   0x0000000e   Code   RO         2490    i.HAL_TIM_PeriodElapsedCallback  main.o
    0x08004864   0x08004864   0x00000002   Code   RO         6487    i.HAL_TIM_TriggerCallback  stm32f4xx_hal_tim.o
    0x08004866   0x08004866   0x00000002   Code   RO         7378    i.HAL_UARTEx_RxEventCallback  stm32f4xx_hal_uart.o
    0x08004868   0x08004868   0x00000002   Code   RO         7392    i.HAL_UART_ErrorCallback  stm32f4xx_hal_uart.o
    0x0800486a   0x0800486a   0x00000002   PAD
    0x0800486c   0x0800486c   0x00000268   Code   RO         7395    i.HAL_UART_IRQHandler  stm32f4xx_hal_uart.o
    0x08004ad4   0x08004ad4   0x00000062   Code   RO         7396    i.HAL_UART_Init     stm32f4xx_hal_uart.o
    0x08004b36   0x08004b36   0x00000002   PAD
    0x08004b38   0x08004b38   0x00000264   Code   RO         2955    i.HAL_UART_MspInit  usart.o
    0x08004d9c   0x08004d9c   0x00000002   Code   RO         7402    i.HAL_UART_RxCpltCallback  stm32f4xx_hal_uart.o
    0x08004d9e   0x08004d9e   0x00000002   PAD
    0x08004da0   0x08004da0   0x000000b2   Code   RO         7404    i.HAL_UART_Transmit  stm32f4xx_hal_uart.o
    0x08004e52   0x08004e52   0x00000002   PAD
    0x08004e54   0x08004e54   0x0000008c   Code   RO         7405    i.HAL_UART_Transmit_DMA  stm32f4xx_hal_uart.o
    0x08004ee0   0x08004ee0   0x00000002   Code   RO         7407    i.HAL_UART_TxCpltCallback  stm32f4xx_hal_uart.o
    0x08004ee2   0x08004ee2   0x00000002   Code   RO         7408    i.HAL_UART_TxHalfCpltCallback  stm32f4xx_hal_uart.o
    0x08004ee4   0x08004ee4   0x00000002   Code   RO         3391    i.HardFault_Handler  stm32f4xx_it.o
    0x08004ee6   0x08004ee6   0x00000002   PAD
    0x08004ee8   0x08004ee8   0x00000280   Code   RO          494    i.INS_Task          ins_task.o
    0x08005168   0x08005168   0x00000038   Code   RO         3246    i.IntToUnicode      usbd_desc.o
    0x080051a0   0x080051a0   0x00000056   Code   RO         1718    i.KalmanFilterCalc  filter.o
    0x080051f6   0x080051f6   0x00000002   PAD
    0x080051f8   0x080051f8   0x00000028   Code   RO         1719    i.Kalman_Init       filter.o
    0x08005220   0x08005220   0x00000024   Code   RO          681    i.LED_Task          led_task.o
    0x08005244   0x08005244   0x0000003a   Code   RO         1720    i.LP_FilterCalc     filter.o
    0x0800527e   0x0800527e   0x0000001a   Code   RO         1721    i.LP_FilterInit     filter.o
    0x08005298   0x08005298   0x00000044   Code   RO         2679    i.MX_CAN1_Init      can.o
    0x080052dc   0x080052dc   0x00000044   Code   RO         2680    i.MX_CAN2_Init      can.o
    0x08005320   0x08005320   0x00000024   Code   RO         2728    i.MX_CRC_Init       crc.o
    0x08005344   0x08005344   0x0000009c   Code   RO         2768    i.MX_DMA_Init       dma.o
    0x080053e0   0x080053e0   0x000000d8   Code   RO         2598    i.MX_FREERTOS_Init  freertos.o
    0x080054b8   0x080054b8   0x000001b0   Code   RO         2571    i.MX_GPIO_Init      gpio.o
    0x08005668   0x08005668   0x00000040   Code   RO         2794    i.MX_I2C3_Init      i2c.o
    0x080056a8   0x080056a8   0x00000048   Code   RO         2836    i.MX_SPI1_Init      spi.o
    0x080056f0   0x080056f0   0x00000064   Code   RO         2881    i.MX_TIM10_Init     tim.o
    0x08005754   0x08005754   0x00000034   Code   RO         2882    i.MX_TIM14_Init     tim.o
    0x08005788   0x08005788   0x000000c0   Code   RO         2883    i.MX_TIM1_Init      tim.o
    0x08005848   0x08005848   0x00000098   Code   RO         2884    i.MX_TIM3_Init      tim.o
    0x080058e0   0x080058e0   0x00000038   Code   RO         2956    i.MX_USART1_UART_Init  usart.o
    0x08005918   0x08005918   0x0000003c   Code   RO         2957    i.MX_USART3_UART_Init  usart.o
    0x08005954   0x08005954   0x00000038   Code   RO         2958    i.MX_USART6_UART_Init  usart.o
    0x0800598c   0x0800598c   0x00000054   Code   RO         3008    i.MX_USB_DEVICE_Init  usb_device.o
    0x080059e0   0x080059e0   0x00000002   Code   RO         3392    i.MemManage_Handler  stm32f4xx_it.o
    0x080059e2   0x080059e2   0x00000002   Code   RO         3393    i.NMI_Handler       stm32f4xx_it.o
    0x080059e4   0x080059e4   0x0000000c   Code   RO         3394    i.OTG_FS_IRQHandler  stm32f4xx_it.o
    0x080059f0   0x080059f0   0x000000cc   Code   RO         3646    i.PCD_EP_OutXfrComplete_int  stm32f4xx_hal_pcd.o
    0x08005abc   0x08005abc   0x000000a2   Code   RO         3647    i.PCD_WriteEmptyTxFifo  stm32f4xx_hal_pcd.o
    0x08005b5e   0x08005b5e   0x00000002   PAD
    0x08005b60   0x08005b60   0x00000128   Code   RO         1369    i.PID_calc          pid.o
    0x08005c88   0x08005c88   0x00000040   Code   RO         1370    i.PID_clear         pid.o
    0x08005cc8   0x08005cc8   0x0000005c   Code   RO         1371    i.PID_init          pid.o
    0x08005d24   0x08005d24   0x00000060   Code   RO          240    i.RC_Init           bsp_rc.o
    0x08005d84   0x08005d84   0x00000184   Code   RO         1760    i.Referee_SolveFifoData  referee.o
    0x08005f08   0x08005f08   0x000000a0   Code   RO         1761    i.Referee_StructInit  referee.o
    0x08005fa8   0x08005fa8   0x000000cc   Code   RO         1762    i.Referee_UARTInit  referee.o
    0x08006074   0x08006074   0x000000f6   Code   RO         1763    i.Referee_UnpackFifoData  referee.o
    0x0800616a   0x0800616a   0x00000002   PAD
    0x0800616c   0x0800616c   0x00001274   Code   RO          206    i.SPI1_DMA_enable   bsp_spi.o
    0x080073e0   0x080073e0   0x000000f0   Code   RO          207    i.SPI1_DMA_init     bsp_spi.o
    0x080074d0   0x080074d0   0x00000058   Code   RO         6121    i.SPI_EndRxTxTransaction  stm32f4xx_hal_spi.o
    0x08007528   0x08007528   0x000000b8   Code   RO         6126    i.SPI_WaitFlagStateUntilTimeout  stm32f4xx_hal_spi.o
    0x080075e0   0x080075e0   0x000000e4   Code   RO         1294    i.SlideBlock_Task   slideblock_task.o
    0x080076c4   0x080076c4   0x00000190   Code   RO         1295    i.SlideBlock_normal  slideblock_task.o
    0x08007854   0x08007854   0x000000d4   Code   RO         1296    i.SlideBlock_ready  slideblock_task.o
    0x08007928   0x08007928   0x0000009c   Code   RO         1297    i.SlideBlock_weak   slideblock_task.o
    0x080079c4   0x080079c4   0x00000018   Code   RO         2599    i.Switch_Task       freertos.o
    0x080079dc   0x080079dc   0x0000002c   Code   RO         9217    i.SysTick_Handler   port.o
    0x08007a08   0x08007a08   0x00000094   Code   RO         2491    i.SystemClock_Config  main.o
    0x08007a9c   0x08007a9c   0x00000010   Code   RO         7725    i.SystemInit        system_stm32f4xx.o
    0x08007aac   0x08007aac   0x0000000c   Code   RO         3395    i.TIM2_IRQHandler   stm32f4xx_it.o
    0x08007ab8   0x08007ab8   0x0000000c   Code   RO         3396    i.TIM8_TRG_COM_TIM14_IRQHandler  stm32f4xx_it.o
    0x08007ac4   0x08007ac4   0x000000c8   Code   RO         6489    i.TIM_Base_SetConfig  stm32f4xx_hal_tim.o
    0x08007b8c   0x08007b8c   0x00000014   Code   RO         6500    i.TIM_ETR_SetConfig  stm32f4xx_hal_tim.o
    0x08007ba0   0x08007ba0   0x00000010   Code   RO         6501    i.TIM_ITRx_SetConfig  stm32f4xx_hal_tim.o
    0x08007bb0   0x08007bb0   0x00000060   Code   RO         6502    i.TIM_OC1_SetConfig  stm32f4xx_hal_tim.o
    0x08007c10   0x08007c10   0x0000006c   Code   RO         6503    i.TIM_OC2_SetConfig  stm32f4xx_hal_tim.o
    0x08007c7c   0x08007c7c   0x00000068   Code   RO         6504    i.TIM_OC3_SetConfig  stm32f4xx_hal_tim.o
    0x08007ce4   0x08007ce4   0x00000050   Code   RO         6505    i.TIM_OC4_SetConfig  stm32f4xx_hal_tim.o
    0x08007d34   0x08007d34   0x00000022   Code   RO         6507    i.TIM_TI1_ConfigInputStage  stm32f4xx_hal_tim.o
    0x08007d56   0x08007d56   0x00000024   Code   RO         6509    i.TIM_TI2_ConfigInputStage  stm32f4xx_hal_tim.o
    0x08007d7a   0x08007d7a   0x00000064   Code   RO         2432    i.TotalAngleUpdate  dm9015.o
    0x08007dde   0x08007dde   0x00000010   Code   RO         7409    i.UART_DMAAbortOnError  stm32f4xx_hal_uart.o
    0x08007dee   0x08007dee   0x0000004a   Code   RO         7410    i.UART_DMAError     stm32f4xx_hal_uart.o
    0x08007e38   0x08007e38   0x00000042   Code   RO         7415    i.UART_DMATransmitCplt  stm32f4xx_hal_uart.o
    0x08007e7a   0x08007e7a   0x0000000a   Code   RO         7417    i.UART_DMATxHalfCplt  stm32f4xx_hal_uart.o
    0x08007e84   0x08007e84   0x0000004e   Code   RO         7419    i.UART_EndRxTransfer  stm32f4xx_hal_uart.o
    0x08007ed2   0x08007ed2   0x0000001c   Code   RO         7420    i.UART_EndTxTransfer  stm32f4xx_hal_uart.o
    0x08007eee   0x08007eee   0x000000c0   Code   RO         7421    i.UART_Receive_IT   stm32f4xx_hal_uart.o
    0x08007fae   0x08007fae   0x00000002   PAD
    0x08007fb0   0x08007fb0   0x0000010c   Code   RO         7422    i.UART_SetConfig    stm32f4xx_hal_uart.o
    0x080080bc   0x080080bc   0x00000078   Code   RO         7425    i.UART_WaitOnFlagUntilTimeout  stm32f4xx_hal_uart.o
    0x08008134   0x08008134   0x00000070   Code   RO         1769    i.UI_Draw_Line      referee.o
    0x080081a4   0x080081a4   0x00000092   Code   RO         1771    i.UI_Draw_String    referee.o
    0x08008236   0x08008236   0x00000002   PAD
    0x08008238   0x08008238   0x000000e8   Code   RO         1773    i.UI_PushUp_Graphs  referee.o
    0x08008320   0x08008320   0x00000058   Code   RO         1774    i.UI_PushUp_String  referee.o
    0x08008378   0x08008378   0x00000014   Code   RO         3397    i.USART1_IRQHandler  stm32f4xx_it.o
    0x0800838c   0x0800838c   0x000000b0   Code   RO         2433    i.USART1_IRQHandler_1  dm9015.o
    0x0800843c   0x0800843c   0x00000004   Code   RO         3398    i.USART3_IRQHandler  stm32f4xx_it.o
    0x08008440   0x08008440   0x000000b4   Code   RO         1491    i.USART3_IRQHandler_1  remote_control.o
    0x080084f4   0x080084f4   0x00000014   Code   RO         3399    i.USART6_IRQHandler  stm32f4xx_it.o
    0x08008508   0x08008508   0x00000090   Code   RO         1152    i.USART6_IRQHandler_1  referee_usart_task.o
    0x08008598   0x08008598   0x00000078   Code   RO         9616    i.USBD_CDC_DataIn   usbd_cdc.o
    0x08008610   0x08008610   0x0000003e   Code   RO         9617    i.USBD_CDC_DataOut  usbd_cdc.o
    0x0800864e   0x0800864e   0x00000002   PAD
    0x08008650   0x08008650   0x00000094   Code   RO         9618    i.USBD_CDC_DeInit   usbd_cdc.o
    0x080086e4   0x080086e4   0x00000038   Code   RO         9619    i.USBD_CDC_EP0_RxReady  usbd_cdc.o
    0x0800871c   0x0800871c   0x0000000c   Code   RO         9620    i.USBD_CDC_GetDeviceQualifierDescriptor  usbd_cdc.o
    0x08008728   0x08008728   0x0000003c   Code   RO         9621    i.USBD_CDC_GetFSCfgDesc  usbd_cdc.o
    0x08008764   0x08008764   0x00000040   Code   RO         9622    i.USBD_CDC_GetHSCfgDesc  usbd_cdc.o
    0x080087a4   0x080087a4   0x0000003c   Code   RO         9623    i.USBD_CDC_GetOtherSpeedCfgDesc  usbd_cdc.o
    0x080087e0   0x080087e0   0x00000160   Code   RO         9624    i.USBD_CDC_Init     usbd_cdc.o
    0x08008940   0x08008940   0x00000048   Code   RO         9625    i.USBD_CDC_ReceivePacket  usbd_cdc.o
    0x08008988   0x08008988   0x00000018   Code   RO         9626    i.USBD_CDC_RegisterInterface  usbd_cdc.o
    0x080089a0   0x080089a0   0x0000001c   Code   RO         9627    i.USBD_CDC_SetRxBuffer  usbd_cdc.o
    0x080089bc   0x080089bc   0x00000020   Code   RO         9628    i.USBD_CDC_SetTxBuffer  usbd_cdc.o
    0x080089dc   0x080089dc   0x00000110   Code   RO         9629    i.USBD_CDC_Setup    usbd_cdc.o
    0x08008aec   0x08008aec   0x00000014   Code   RO         9296    i.USBD_ClrClassConfig  usbd_core.o
    0x08008b00   0x08008b00   0x00000026   Code   RO         9458    i.USBD_ClrFeature   usbd_ctlreq.o
    0x08008b26   0x08008b26   0x00000004   Code   RO         9297    i.USBD_CoreFindEP   usbd_core.o
    0x08008b2a   0x08008b2a   0x00000004   Code   RO         9298    i.USBD_CoreFindIF   usbd_core.o
    0x08008b2e   0x08008b2e   0x00000010   Code   RO         9556    i.USBD_CtlContinueRx  usbd_ioreq.o
    0x08008b3e   0x08008b3e   0x00000010   Code   RO         9557    i.USBD_CtlContinueSendData  usbd_ioreq.o
    0x08008b4e   0x08008b4e   0x00000018   Code   RO         9459    i.USBD_CtlError     usbd_ctlreq.o
    0x08008b66   0x08008b66   0x0000001e   Code   RO         9558    i.USBD_CtlPrepareRx  usbd_ioreq.o
    0x08008b84   0x08008b84   0x00000016   Code   RO         9559    i.USBD_CtlReceiveStatus  usbd_ioreq.o
    0x08008b9a   0x08008b9a   0x0000001a   Code   RO         9560    i.USBD_CtlSendData  usbd_ioreq.o
    0x08008bb4   0x08008bb4   0x00000016   Code   RO         9561    i.USBD_CtlSendStatus  usbd_ioreq.o
    0x08008bca   0x08008bca   0x00000002   PAD
    0x08008bcc   0x08008bcc   0x00000020   Code   RO         3247    i.USBD_FS_ConfigStrDescriptor  usbd_desc.o
    0x08008bec   0x08008bec   0x0000000c   Code   RO         3248    i.USBD_FS_DeviceDescriptor  usbd_desc.o
    0x08008bf8   0x08008bf8   0x00000024   Code   RO         3249    i.USBD_FS_InterfaceStrDescriptor  usbd_desc.o
    0x08008c1c   0x08008c1c   0x0000000c   Code   RO         3250    i.USBD_FS_LangIDStrDescriptor  usbd_desc.o
    0x08008c28   0x08008c28   0x00000028   Code   RO         3251    i.USBD_FS_ManufacturerStrDescriptor  usbd_desc.o
    0x08008c50   0x08008c50   0x0000002c   Code   RO         3252    i.USBD_FS_ProductStrDescriptor  usbd_desc.o
    0x08008c7c   0x08008c7c   0x00000038   Code   RO         3253    i.USBD_FS_SerialStrDescriptor  usbd_desc.o
    0x08008cb4   0x08008cb4   0x00000034   Code   RO         9460    i.USBD_GetConfig    usbd_ctlreq.o
    0x08008ce8   0x08008ce8   0x000001b4   Code   RO         9461    i.USBD_GetDescriptor  usbd_ctlreq.o
    0x08008e9c   0x08008e9c   0x0000003c   Code   RO         9300    i.USBD_GetEpDesc    usbd_core.o
    0x08008ed8   0x08008ed8   0x00000018   Code   RO         9462    i.USBD_GetLen       usbd_ctlreq.o
    0x08008ef0   0x08008ef0   0x0000000e   Code   RO         9301    i.USBD_GetNextDesc  usbd_core.o
    0x08008efe   0x08008efe   0x00000036   Code   RO         9463    i.USBD_GetStatus    usbd_ctlreq.o
    0x08008f34   0x08008f34   0x00000044   Code   RO         9464    i.USBD_GetString    usbd_ctlreq.o
    0x08008f78   0x08008f78   0x00000018   Code   RO         3052    i.USBD_Get_USB_Status  usbd_conf.o
    0x08008f90   0x08008f90   0x00000028   Code   RO         9302    i.USBD_Init         usbd_core.o
    0x08008fb8   0x08008fb8   0x00000012   Code   RO         3053    i.USBD_LL_ClearStallEP  usbd_conf.o
    0x08008fca   0x08008fca   0x00000012   Code   RO         3054    i.USBD_LL_CloseEP   usbd_conf.o
    0x08008fdc   0x08008fdc   0x000000dc   Code   RO         9303    i.USBD_LL_DataInStage  usbd_core.o
    0x080090b8   0x080090b8   0x000000d0   Code   RO         9304    i.USBD_LL_DataOutStage  usbd_core.o
    0x08009188   0x08009188   0x00000004   Code   RO         9305    i.USBD_LL_DevConnected  usbd_core.o
    0x0800918c   0x0800918c   0x00000020   Code   RO         9306    i.USBD_LL_DevDisconnected  usbd_core.o
    0x080091ac   0x080091ac   0x00000008   Code   RO         3058    i.USBD_LL_GetRxDataSize  usbd_conf.o
    0x080091b4   0x080091b4   0x00000060   Code   RO         3059    i.USBD_LL_Init      usbd_conf.o
    0x08009214   0x08009214   0x00000020   Code   RO         3060    i.USBD_LL_IsStallEP  usbd_conf.o
    0x08009234   0x08009234   0x0000002a   Code   RO         9307    i.USBD_LL_IsoINIncomplete  usbd_core.o
    0x0800925e   0x0800925e   0x0000002a   Code   RO         9308    i.USBD_LL_IsoOUTIncomplete  usbd_core.o
    0x08009288   0x08009288   0x00000018   Code   RO         3061    i.USBD_LL_OpenEP    usbd_conf.o
    0x080092a0   0x080092a0   0x00000012   Code   RO         3062    i.USBD_LL_PrepareReceive  usbd_conf.o
    0x080092b2   0x080092b2   0x00000060   Code   RO         9309    i.USBD_LL_Reset     usbd_core.o
    0x08009312   0x08009312   0x00000014   Code   RO         9310    i.USBD_LL_Resume    usbd_core.o
    0x08009326   0x08009326   0x0000001a   Code   RO         9311    i.USBD_LL_SOF       usbd_core.o
    0x08009340   0x08009340   0x00000006   Code   RO         9312    i.USBD_LL_SetSpeed  usbd_core.o
    0x08009346   0x08009346   0x00000012   Code   RO         3063    i.USBD_LL_SetUSBAddress  usbd_conf.o
    0x08009358   0x08009358   0x00000064   Code   RO         9313    i.USBD_LL_SetupStage  usbd_core.o
    0x080093bc   0x080093bc   0x00000012   Code   RO         3064    i.USBD_LL_StallEP   usbd_conf.o
    0x080093ce   0x080093ce   0x00000012   Code   RO         3065    i.USBD_LL_Start     usbd_conf.o
    0x080093e0   0x080093e0   0x00000012   Code   RO         9314    i.USBD_LL_Suspend   usbd_core.o
    0x080093f2   0x080093f2   0x00000012   Code   RO         3067    i.USBD_LL_Transmit  usbd_conf.o
    0x08009404   0x08009404   0x00000032   Code   RO         9465    i.USBD_ParseSetupRequest  usbd_ctlreq.o
    0x08009436   0x08009436   0x0000003a   Code   RO         9315    i.USBD_RegisterClass  usbd_core.o
    0x08009470   0x08009470   0x00000004   Code   RO         9316    i.USBD_RunTestMode  usbd_core.o
    0x08009474   0x08009474   0x00000058   Code   RO         9466    i.USBD_SetAddress   usbd_ctlreq.o
    0x080094cc   0x080094cc   0x00000014   Code   RO         9317    i.USBD_SetClassConfig  usbd_core.o
    0x080094e0   0x080094e0   0x000000dc   Code   RO         9467    i.USBD_SetConfig    usbd_ctlreq.o
    0x080095bc   0x080095bc   0x00000024   Code   RO         9468    i.USBD_SetFeature   usbd_ctlreq.o
    0x080095e0   0x080095e0   0x00000004   Code   RO         9318    i.USBD_Start        usbd_core.o
    0x080095e4   0x080095e4   0x00000076   Code   RO         9469    i.USBD_StdDevReq    usbd_ctlreq.o
    0x0800965a   0x0800965a   0x0000022e   Code   RO         9470    i.USBD_StdEPReq     usbd_ctlreq.o
    0x08009888   0x08009888   0x0000008e   Code   RO         9471    i.USBD_StdItfReq    usbd_ctlreq.o
    0x08009916   0x08009916   0x00000002   Code   RO         3068    i.USBD_static_free  usbd_conf.o
    0x08009918   0x08009918   0x00000008   Code   RO         3069    i.USBD_static_malloc  usbd_conf.o
    0x08009920   0x08009920   0x00000080   Code   RO         3892    i.USB_ActivateEndpoint  stm32f4xx_ll_usb.o
    0x080099a0   0x080099a0   0x0000001c   Code   RO         3894    i.USB_ActivateSetup  stm32f4xx_ll_usb.o
    0x080099bc   0x080099bc   0x00000074   Code   RO         3896    i.USB_CoreInit      stm32f4xx_ll_usb.o
    0x08009a30   0x08009a30   0x00000040   Code   RO         3897    i.USB_CoreReset     stm32f4xx_ll_usb.o
    0x08009a70   0x08009a70   0x000000cc   Code   RO         3900    i.USB_DeactivateEndpoint  stm32f4xx_ll_usb.o
    0x08009b3c   0x08009b3c   0x0000001c   Code   RO         3901    i.USB_DevConnect    stm32f4xx_ll_usb.o
    0x08009b58   0x08009b58   0x0000001c   Code   RO         3902    i.USB_DevDisconnect  stm32f4xx_ll_usb.o
    0x08009b74   0x08009b74   0x00000174   Code   RO         3903    i.USB_DevInit       stm32f4xx_ll_usb.o
    0x08009ce8   0x08009ce8   0x0000000c   Code   RO         3904    i.USB_DisableGlobalInt  stm32f4xx_ll_usb.o
    0x08009cf4   0x08009cf4   0x0000011c   Code   RO         3907    i.USB_EP0StartXfer  stm32f4xx_ll_usb.o
    0x08009e10   0x08009e10   0x00000058   Code   RO         3908    i.USB_EP0_OutStart  stm32f4xx_ll_usb.o
    0x08009e68   0x08009e68   0x00000058   Code   RO         3909    i.USB_EPClearStall  stm32f4xx_ll_usb.o
    0x08009ec0   0x08009ec0   0x00000058   Code   RO         3910    i.USB_EPSetStall    stm32f4xx_ll_usb.o
    0x08009f18   0x08009f18   0x000001e4   Code   RO         3911    i.USB_EPStartXfer   stm32f4xx_ll_usb.o
    0x0800a0fc   0x0800a0fc   0x0000009e   Code   RO         3912    i.USB_EPStopXfer    stm32f4xx_ll_usb.o
    0x0800a19a   0x0800a19a   0x0000000c   Code   RO         3913    i.USB_EnableGlobalInt  stm32f4xx_ll_usb.o
    0x0800a1a6   0x0800a1a6   0x00000002   PAD
    0x0800a1a8   0x0800a1a8   0x0000003c   Code   RO         3914    i.USB_FlushRxFifo   stm32f4xx_ll_usb.o
    0x0800a1e4   0x0800a1e4   0x00000040   Code   RO         3915    i.USB_FlushTxFifo   stm32f4xx_ll_usb.o
    0x0800a224   0x0800a224   0x0000001a   Code   RO         3917    i.USB_GetDevSpeed   stm32f4xx_ll_usb.o
    0x0800a23e   0x0800a23e   0x00000008   Code   RO         3919    i.USB_GetMode       stm32f4xx_ll_usb.o
    0x0800a246   0x0800a246   0x0000000e   Code   RO         3926    i.USB_ReadDevAllInEpInterrupt  stm32f4xx_ll_usb.o
    0x0800a254   0x0800a254   0x0000000e   Code   RO         3927    i.USB_ReadDevAllOutEpInterrupt  stm32f4xx_ll_usb.o
    0x0800a262   0x0800a262   0x00000024   Code   RO         3928    i.USB_ReadDevInEPInterrupt  stm32f4xx_ll_usb.o
    0x0800a286   0x0800a286   0x00000010   Code   RO         3929    i.USB_ReadDevOutEPInterrupt  stm32f4xx_ll_usb.o
    0x0800a296   0x0800a296   0x00000008   Code   RO         3930    i.USB_ReadInterrupts  stm32f4xx_ll_usb.o
    0x0800a29e   0x0800a29e   0x0000003e   Code   RO         3931    i.USB_ReadPacket    stm32f4xx_ll_usb.o
    0x0800a2dc   0x0800a2dc   0x0000005c   Code   RO         3933    i.USB_SetCurrentMode  stm32f4xx_ll_usb.o
    0x0800a338   0x0800a338   0x00000022   Code   RO         3934    i.USB_SetDevAddress  stm32f4xx_ll_usb.o
    0x0800a35a   0x0800a35a   0x00000002   PAD
    0x0800a35c   0x0800a35c   0x000000e8   Code   RO         3936    i.USB_SetTurnaroundTime  stm32f4xx_ll_usb.o
    0x0800a444   0x0800a444   0x00000028   Code   RO         3939    i.USB_WritePacket   stm32f4xx_ll_usb.o
    0x0800a46c   0x0800a46c   0x00000002   Code   RO         3400    i.UsageFault_Handler  stm32f4xx_it.o
    0x0800a46e   0x0800a46e   0x00000030   Code   RO        15490    i.__ARM_fpclassify  m_wm.l(fpclassify.o)
    0x0800a49e   0x0800a49e   0x00000026   Code   RO        15492    i.__ARM_fpclassifyf  m_wm.l(fpclassifyf.o)
    0x0800a4c4   0x0800a4c4   0x00000020   Code   RO         4953    i.__NVIC_SetPriority  stm32f4xx_hal_cortex.o
    0x0800a4e4   0x0800a4e4   0x0000012c   Code   RO        15230    i.__hardfp_asinf    m_wm.l(asinf.o)
    0x0800a610   0x0800a610   0x000002ac   Code   RO        15242    i.__hardfp_atan2f   m_wm.l(atan2f.o)
    0x0800a8bc   0x0800a8bc   0x00000004   PAD
    0x0800a8c0   0x0800a8c0   0x00000c50   Code   RO        15302    i.__hardfp_pow      m_wm.l(pow.o)
    0x0800b510   0x0800b510   0x0000007a   Code   RO        15330    i.__hardfp_sqrt     m_wm.l(sqrt.o)
    0x0800b58a   0x0800b58a   0x0000003a   Code   RO        15342    i.__hardfp_sqrtf    m_wm.l(sqrtf.o)
    0x0800b5c4   0x0800b5c4   0x000000f8   Code   RO        15508    i.__kernel_poly     m_wm.l(poly.o)
    0x0800b6bc   0x0800b6bc   0x00000004   PAD
    0x0800b6c0   0x0800b6c0   0x00000030   Code   RO        15476    i.__mathlib_dbl_divzero  m_wm.l(dunder.o)
    0x0800b6f0   0x0800b6f0   0x00000014   Code   RO        15478    i.__mathlib_dbl_infnan2  m_wm.l(dunder.o)
    0x0800b704   0x0800b704   0x00000004   PAD
    0x0800b708   0x0800b708   0x00000020   Code   RO        15479    i.__mathlib_dbl_invalid  m_wm.l(dunder.o)
    0x0800b728   0x0800b728   0x00000020   Code   RO        15480    i.__mathlib_dbl_overflow  m_wm.l(dunder.o)
    0x0800b748   0x0800b748   0x00000020   Code   RO        15482    i.__mathlib_dbl_underflow  m_wm.l(dunder.o)
    0x0800b768   0x0800b768   0x00000006   Code   RO        15495    i.__mathlib_flt_infnan  m_wm.l(funder.o)
    0x0800b76e   0x0800b76e   0x00000006   Code   RO        15496    i.__mathlib_flt_infnan2  m_wm.l(funder.o)
    0x0800b774   0x0800b774   0x00000010   Code   RO        15497    i.__mathlib_flt_invalid  m_wm.l(funder.o)
    0x0800b784   0x0800b784   0x00000010   Code   RO        15500    i.__mathlib_flt_underflow  m_wm.l(funder.o)
    0x0800b794   0x0800b794   0x000001d0   Code   RO        15008    i.accel_comple_filter  AHRS.lib(ahrs.o)
    0x0800b964   0x0800b964   0x00000060   Code   RO          872    i.accel_g_solve     chassiscontrol_task.o
    0x0800b9c4   0x0800b9c4   0x0000018c   Code   RO        15009    i.accel_update_kp_ki  AHRS.lib(ahrs.o)
    0x0800bb50   0x0800bb50   0x0000016c   Code   RO        15010    i.angle_to_quat     AHRS.lib(ahrs.o)
    0x0800bcbc   0x0800bcbc   0x0000006c   Code   RO          873    i.angle_z_err_get   chassiscontrol_task.o
    0x0800bd28   0x0800bd28   0x000000c8   Code   RO          874    i.angle_z_min_err_get  chassiscontrol_task.o
    0x0800bdf0   0x0800bdf0   0x00000084   Code   RO        11493    i.arm_cos_f32       fastmathfunctions.o
    0x0800be74   0x0800be74   0x00000080   Code   RO        11497    i.arm_sin_f32       fastmathfunctions.o
    0x0800bef4   0x0800bef4   0x00000128   Code   RO         1915    i.bmi088_accel_init  bmi088driver.o
    0x0800c01c   0x0800c01c   0x000002c0   Code   RO         1916    i.bmi088_accel_self_test  bmi088driver.o
    0x0800c2dc   0x0800c2dc   0x000000dc   Code   RO         1917    i.bmi088_gyro_init  bmi088driver.o
    0x0800c3b8   0x0800c3b8   0x000000ca   Code   RO         1918    i.bmi088_gyro_self_test  bmi088driver.o
    0x0800c482   0x0800c482   0x00000002   PAD
    0x0800c484   0x0800c484   0x00000058   Code   RO          280    i.can_filter_init   bsp_can.o
    0x0800c4dc   0x0800c4dc   0x000000ec   Code   RO         1076    i.chassis_balance   chassisswitch_task.o
    0x0800c5c8   0x0800c5c8   0x0000026c   Code   RO         1077    i.chassis_normal    chassisswitch_task.o
    0x0800c834   0x0800c834   0x000000e4   Code   RO         1078    i.chassis_slipped   chassisswitch_task.o
    0x0800c918   0x0800c918   0x0000005c   Code   RO          875    i.chassis_state_clear  chassiscontrol_task.o
    0x0800c974   0x0800c974   0x00000224   Code   RO          876    i.chassis_state_update  chassiscontrol_task.o
    0x0800cb98   0x0800cb98   0x000002ac   Code   RO         1079    i.chassis_static    chassisswitch_task.o
    0x0800ce44   0x0800ce44   0x000000d8   Code   RO         1080    i.chassis_stop      chassisswitch_task.o
    0x0800cf1c   0x0800cf1c   0x00000020   Code   RO         1081    i.chassis_weak      chassisswitch_task.o
    0x0800cf3c   0x0800cf3c   0x00000084   Code   RO          997    i.check_slipped     chassisdetect_task.o
    0x0800cfc0   0x0800cfc0   0x0000002e   Code   RO         1628    i.connect_rc_ctrl_process  can_receive.o
    0x0800cfee   0x0800cfee   0x00000002   PAD
    0x0800cff0   0x0800cff0   0x000000c4   Code   RO         1629    i.data_rx_handler   can_receive.o
    0x0800d0b4   0x0800d0b4   0x00000018   Code   RO          877    i.deadband_limit    chassiscontrol_task.o
    0x0800d0cc   0x0800d0cc   0x00000028   Code   RO           13    i.delay_init        bsp_delay.o
    0x0800d0f4   0x0800d0f4   0x00000034   Code   RO           15    i.delay_us          bsp_delay.o
    0x0800d128   0x0800d128   0x00000040   Code   RO          998    i.detect_slip_init  chassisdetect_task.o
    0x0800d168   0x0800d168   0x0000006c   Code   RO          999    i.detect_slip_update  chassisdetect_task.o
    0x0800d1d4   0x0800d1d4   0x00000018   Code   RO        15270    i.fabs              m_wm.l(fabs.o)
    0x0800d1ec   0x0800d1ec   0x0000002c   Code   RO         9739    i.fifo_s_get        fifo.o
    0x0800d218   0x0800d218   0x00000016   Code   RO         9742    i.fifo_s_init       fifo.o
    0x0800d22e   0x0800d22e   0x0000007c   Code   RO         9748    i.fifo_s_puts       fifo.o
    0x0800d2aa   0x0800d2aa   0x00000004   Code   RO         9750    i.fifo_s_used       fifo.o
    0x0800d2ae   0x0800d2ae   0x00000002   PAD
    0x0800d2b0   0x0800d2b0   0x00000008   Code   RO          497    i.get_INS_accel_point  ins_task.o
    0x0800d2b8   0x0800d2b8   0x00000008   Code   RO          498    i.get_INS_angle_point  ins_task.o
    0x0800d2c0   0x0800d2c0   0x00000008   Code   RO          499    i.get_INS_quat_point  ins_task.o
    0x0800d2c8   0x0800d2c8   0x000000e8   Code   RO        15011    i.get_angle         AHRS.lib(ahrs.o)
    0x0800d3b0   0x0800d3b0   0x00000008   Code   RO          501    i.get_gyro_data_point  ins_task.o
    0x0800d3b8   0x0800d3b8   0x000000dc   Code   RO          504    i.imu_cali_slove    ins_task.o
    0x0800d494   0x0800d494   0x000000fc   Code   RO          505    i.imu_cmd_spi_dma   ins_task.o
    0x0800d590   0x0800d590   0x0000000c   Code   RO          178    i.imu_pwm_set       bsp_imu_pwm.o
    0x0800d59c   0x0800d59c   0x0000007c   Code   RO          506    i.imu_temp_control  ins_task.o
    0x0800d618   0x0800d618   0x00000020   Code   RO          878    i.limit             chassiscontrol_task.o
    0x0800d638   0x0800d638   0x0000004c   Code   RO          879    i.limit_pi          chassiscontrol_task.o
    0x0800d684   0x0800d684   0x000000a8   Code   RO         2492    i.main              main.o
    0x0800d72c   0x0800d72c   0x0000000c   Code   RO         8782    i.makeFreeRtosPriority  cmsis_os.o
    0x0800d738   0x0800d738   0x0000001c   Code   RO         1082    i.mode_switch_block  chassisswitch_task.o
    0x0800d754   0x0800d754   0x00000018   Code   RO         1083    i.mode_switch_chassis  chassisswitch_task.o
    0x0800d76c   0x0800d76c   0x00000010   Code   RO         8784    i.osDelay           cmsis_os.o
    0x0800d77c   0x0800d77c   0x0000000a   Code   RO         8787    i.osKernelStart     cmsis_os.o
    0x0800d786   0x0800d786   0x0000005c   Code   RO         8821    i.osThreadCreate    cmsis_os.o
    0x0800d7e2   0x0800d7e2   0x00000002   PAD
    0x0800d7e4   0x0800d7e4   0x00000024   Code   RO         8249    i.pcTaskGetName     tasks.o
    0x0800d808   0x0800d808   0x00000080   Code   RO         8250    i.prvAddCurrentTaskToDelayedList  tasks.o
    0x0800d888   0x0800d888   0x00000088   Code   RO         8251    i.prvAddNewTaskToReadyList  tasks.o
    0x0800d910   0x0800d910   0x0000005c   Code   RO         8614    i.prvCheckForValidListAndQueue  timers.o
    0x0800d96c   0x0800d96c   0x00000040   Code   RO         8252    i.prvCheckTasksWaitingTermination  tasks.o
    0x0800d9ac   0x0800d9ac   0x00000024   Code   RO         7903    i.prvCopyDataFromQueue  queue.o
    0x0800d9d0   0x0800d9d0   0x0000006e   Code   RO         7904    i.prvCopyDataToQueue  queue.o
    0x0800da3e   0x0800da3e   0x00000040   Code   RO         8253    i.prvDeleteTCB      tasks.o
    0x0800da7e   0x0800da7e   0x00000002   PAD
    0x0800da80   0x0800da80   0x00000024   Code   RO         8615    i.prvGetNextExpireTime  timers.o
    0x0800daa4   0x0800daa4   0x00000050   Code   RO         9161    i.prvHeapInit       heap_4.o
    0x0800daf4   0x0800daf4   0x00000028   Code   RO         8254    i.prvIdleTask       tasks.o
    0x0800db1c   0x0800db1c   0x00000018   Code   RO         7907    i.prvInitialiseNewQueue  queue.o
    0x0800db34   0x0800db34   0x00000098   Code   RO         8255    i.prvInitialiseNewTask  tasks.o
    0x0800dbcc   0x0800dbcc   0x00000060   Code   RO         8256    i.prvInitialiseTaskLists  tasks.o
    0x0800dc2c   0x0800dc2c   0x0000005c   Code   RO         9162    i.prvInsertBlockIntoFreeList  heap_4.o
    0x0800dc88   0x0800dc88   0x00000048   Code   RO         8617    i.prvInsertTimerInActiveList  timers.o
    0x0800dcd0   0x0800dcd0   0x0000001a   Code   RO         7908    i.prvIsQueueEmpty   queue.o
    0x0800dcea   0x0800dcea   0x0000001e   Code   RO         7909    i.prvIsQueueFull    queue.o
    0x0800dd08   0x0800dd08   0x00000068   Code   RO         8618    i.prvProcessExpiredTimer  timers.o
    0x0800dd70   0x0800dd70   0x00000110   Code   RO         8619    i.prvProcessReceivedCommands  timers.o
    0x0800de80   0x0800de80   0x0000006c   Code   RO         8620    i.prvProcessTimerOrBlockTask  timers.o
    0x0800deec   0x0800deec   0x00000024   Code   RO         8257    i.prvResetNextTaskUnblockTime  tasks.o
    0x0800df10   0x0800df10   0x0000002c   Code   RO         8621    i.prvSampleTimeNow  timers.o
    0x0800df3c   0x0800df3c   0x0000006e   Code   RO         8258    i.prvSearchForNameWithinSingleList  tasks.o
    0x0800dfaa   0x0800dfaa   0x00000002   PAD
    0x0800dfac   0x0800dfac   0x00000078   Code   RO         8622    i.prvSwitchTimerLists  timers.o
    0x0800e024   0x0800e024   0x00000030   Code   RO         9218    i.prvTaskExitError  port.o
    0x0800e054   0x0800e054   0x00000014   Code   RO         8623    i.prvTimerTask      timers.o
    0x0800e068   0x0800e068   0x00000068   Code   RO         7910    i.prvUnlockQueue    queue.o
    0x0800e0d0   0x0800e0d0   0x000000e8   Code   RO         9163    i.pvPortMalloc      heap_4.o
    0x0800e1b8   0x0800e1b8   0x0000002c   Code   RO         9219    i.pxPortInitialiseStack  port.o
    0x0800e1e4   0x0800e1e4   0x00000084   Code   RO        15016    i.quat_normalization  AHRS.lib(ahrs.o)
    0x0800e268   0x0800e268   0x00000030   Code   RO          880    i.ramp_control      chassiscontrol_task.o
    0x0800e298   0x0800e298   0x00000680   Code   RO         1153    i.referee_usart_task  referee_usart_task.o
    0x0800e918   0x0800e918   0x00000010   Code   RO         1493    i.remote_control_init  remote_control.o
    0x0800e928   0x0800e928   0x000000b4   Code   RO         1494    i.sbus_to_rc        remote_control.o
    0x0800e9dc   0x0800e9dc   0x000000b0   Code   RO          881    i.speed_control     chassiscontrol_task.o
    0x0800ea8c   0x0800ea8c   0x00000024   Code   RO          882    i.speed_sen_adjust  chassiscontrol_task.o
    0x0800eab0   0x0800eab0   0x0000006e   Code   RO        15332    i.sqrt              m_wm.l(sqrt.o)
    0x0800eb1e   0x0800eb1e   0x0000003e   Code   RO        15344    i.sqrtf             m_wm.l(sqrtf.o)
    0x0800eb5c   0x0800eb5c   0x00000068   Code   RO         8262    i.ulTaskNotifyTake  tasks.o
    0x0800ebc4   0x0800ebc4   0x0000007a   Code   RO        15017    i.update_w          AHRS.lib(ahrs.o)
    0x0800ec3e   0x0800ec3e   0x00000026   Code   RO         7863    i.uxListRemove      list.o
    0x0800ec64   0x0800ec64   0x00000014   Code   RO         2600    i.vApplicationGetIdleTaskMemory  freertos.o
    0x0800ec78   0x0800ec78   0x00000018   Code   RO         2601    i.vApplicationGetTimerTaskMemory  freertos.o
    0x0800ec90   0x0800ec90   0x00000016   Code   RO         7864    i.vListInitialise   list.o
    0x0800eca6   0x0800eca6   0x00000006   Code   RO         7865    i.vListInitialiseItem  list.o
    0x0800ecac   0x0800ecac   0x00000036   Code   RO         7866    i.vListInsert       list.o
    0x0800ece2   0x0800ece2   0x00000018   Code   RO         7867    i.vListInsertEnd    list.o
    0x0800ecfa   0x0800ecfa   0x00000002   PAD
    0x0800ecfc   0x0800ecfc   0x00000040   Code   RO         9221    i.vPortEnterCritical  port.o
    0x0800ed3c   0x0800ed3c   0x0000002c   Code   RO         9222    i.vPortExitCritical  port.o
    0x0800ed68   0x0800ed68   0x00000064   Code   RO         9164    i.vPortFree         heap_4.o
    0x0800edcc   0x0800edcc   0x00000024   Code   RO         9223    i.vPortSetupTimerInterrupt  port.o
    0x0800edf0   0x0800edf0   0x00000054   Code   RO         9224    i.vPortValidateInterruptPriority  port.o
    0x0800ee44   0x0800ee44   0x00000028   Code   RO         7914    i.vQueueAddToRegistry  queue.o
    0x0800ee6c   0x0800ee6c   0x0000004a   Code   RO         7917    i.vQueueWaitForMessageRestricted  queue.o
    0x0800eeb6   0x0800eeb6   0x00000002   PAD
    0x0800eeb8   0x0800eeb8   0x00000050   Code   RO         8269    i.vTaskDelay        tasks.o
    0x0800ef08   0x0800ef08   0x000000b0   Code   RO         8271    i.vTaskDelete       tasks.o
    0x0800efb8   0x0800efb8   0x00000010   Code   RO         8273    i.vTaskInternalSetTimeOutState  tasks.o
    0x0800efc8   0x0800efc8   0x0000000c   Code   RO         8274    i.vTaskMissedYield  tasks.o
    0x0800efd4   0x0800efd4   0x000000bc   Code   RO         8275    i.vTaskNotifyGiveFromISR  tasks.o
    0x0800f090   0x0800f090   0x00000034   Code   RO         8276    i.vTaskPlaceOnEventList  tasks.o
    0x0800f0c4   0x0800f0c4   0x0000003c   Code   RO         8277    i.vTaskPlaceOnEventListRestricted  tasks.o
    0x0800f100   0x0800f100   0x00000090   Code   RO         8284    i.vTaskStartScheduler  tasks.o
    0x0800f190   0x0800f190   0x00000010   Code   RO         8286    i.vTaskSuspendAll   tasks.o
    0x0800f1a0   0x0800f1a0   0x00000060   Code   RO         8287    i.vTaskSwitchContext  tasks.o
    0x0800f200   0x0800f200   0x00000104   Code   RO         9225    i.xPortStartScheduler  port.o
    0x0800f304   0x0800f304   0x00000070   Code   RO         7921    i.xQueueGenericCreateStatic  queue.o
    0x0800f374   0x0800f374   0x00000090   Code   RO         7922    i.xQueueGenericReset  queue.o
    0x0800f404   0x0800f404   0x00000170   Code   RO         7923    i.xQueueGenericSend  queue.o
    0x0800f574   0x0800f574   0x000000be   Code   RO         7924    i.xQueueGenericSendFromISR  queue.o
    0x0800f632   0x0800f632   0x00000002   PAD
    0x0800f634   0x0800f634   0x00000148   Code   RO         7932    i.xQueueReceive     queue.o
    0x0800f77c   0x0800f77c   0x00000098   Code   RO         8290    i.xTaskCheckForTimeOut  tasks.o
    0x0800f814   0x0800f814   0x0000006c   Code   RO         8291    i.xTaskCreate       tasks.o
    0x0800f880   0x0800f880   0x00000060   Code   RO         8292    i.xTaskCreateStatic  tasks.o
    0x0800f8e0   0x0800f8e0   0x00000114   Code   RO         8294    i.xTaskGenericNotifyFromISR  tasks.o
    0x0800f9f4   0x0800f9f4   0x0000008c   Code   RO         8296    i.xTaskGetHandle    tasks.o
    0x0800fa80   0x0800fa80   0x0000001c   Code   RO         8297    i.xTaskGetSchedulerState  tasks.o
    0x0800fa9c   0x0800fa9c   0x0000000c   Code   RO         8298    i.xTaskGetTickCount  tasks.o
    0x0800faa8   0x0800faa8   0x000000d4   Code   RO         8300    i.xTaskIncrementTick  tasks.o
    0x0800fb7c   0x0800fb7c   0x0000009c   Code   RO         8303    i.xTaskPriorityDisinherit  tasks.o
    0x0800fc18   0x0800fc18   0x00000078   Code   RO         8305    i.xTaskRemoveFromEventList  tasks.o
    0x0800fc90   0x0800fc90   0x000000cc   Code   RO         8306    i.xTaskResumeAll    tasks.o
    0x0800fd5c   0x0800fd5c   0x00000068   Code   RO         8630    i.xTimerCreateTimerTask  timers.o
    0x0800fdc4   0x0800fdc4   0x00000074   Code   RO         8631    i.xTimerGenericCommand  timers.o
    0x0800fe38   0x0800fe38   0x00000018   Code   RO        15182    x$fpl$basic         fz_wm.l(basic.o)
    0x0800fe50   0x0800fe50   0x00000062   Code   RO        15184    x$fpl$d2f           fz_wm.l(d2f.o)
    0x0800feb2   0x0800feb2   0x00000002   PAD
    0x0800feb4   0x0800feb4   0x00000150   Code   RO        15186    x$fpl$dadd          fz_wm.l(daddsub_clz.o)
    0x08010004   0x08010004   0x00000010   Code   RO        15558    x$fpl$dcheck1       fz_wm.l(dcheck1.o)
    0x08010014   0x08010014   0x00000018   Code   RO        15459    x$fpl$dcmpinf       fz_wm.l(dcmpi.o)
    0x0801002c   0x0801002c   0x000002b0   Code   RO        15193    x$fpl$ddiv          fz_wm.l(ddiv.o)
    0x080102dc   0x080102dc   0x0000002e   Code   RO        15199    x$fpl$dflt          fz_wm.l(dflt_clz.o)
    0x0801030a   0x0801030a   0x00000002   PAD
    0x0801030c   0x0801030c   0x00000078   Code   RO        15204    x$fpl$dleqf         fz_wm.l(dleqf.o)
    0x08010384   0x08010384   0x00000154   Code   RO        15206    x$fpl$dmul          fz_wm.l(dmul.o)
    0x080104d8   0x080104d8   0x0000009c   Code   RO        15461    x$fpl$dnaninf       fz_wm.l(dnaninf.o)
    0x08010574   0x08010574   0x0000000c   Code   RO        15463    x$fpl$dretinf       fz_wm.l(dretinf.o)
    0x08010580   0x08010580   0x0000006c   Code   RO        15208    x$fpl$drleqf        fz_wm.l(drleqf.o)
    0x080105ec   0x080105ec   0x00000016   Code   RO        15187    x$fpl$drsb          fz_wm.l(daddsub_clz.o)
    0x08010602   0x08010602   0x00000002   PAD
    0x08010604   0x08010604   0x00000198   Code   RO        15465    x$fpl$dsqrt         fz_wm.l(dsqrt_umaal.o)
    0x0801079c   0x0801079c   0x000001d4   Code   RO        15188    x$fpl$dsub          fz_wm.l(daddsub_clz.o)
    0x08010970   0x08010970   0x00000056   Code   RO        15210    x$fpl$f2d           fz_wm.l(f2d.o)
    0x080109c6   0x080109c6   0x00000060   Code   RO        15216    x$fpl$ffltll        fz_wm.l(ffltll_clz.o)
    0x08010a26   0x08010a26   0x0000008c   Code   RO        15467    x$fpl$fnaninf       fz_wm.l(fnaninf.o)
    0x08010ab2   0x08010ab2   0x0000000a   Code   RO        15560    x$fpl$fpinit        fz_wm.l(fpinit.o)
    0x08010abc   0x08010abc   0x0000000a   Code   RO        15469    x$fpl$fretinf       fz_wm.l(fretinf.o)
    0x08010ac6   0x08010ac6   0x00000064   Code   RO        15591    x$fpl$retnan        fz_wm.l(retnan.o)
    0x08010b2a   0x08010b2a   0x0000005c   Code   RO        15473    x$fpl$scalbn        fz_wm.l(scalbn.o)
    0x08010b86   0x08010b86   0x00000030   Code   RO        15625    x$fpl$trapveneer    fz_wm.l(trapv.o)
    0x08010bb6   0x08010bb6   0x00000000   Code   RO        15475    x$fpl$usenofp       fz_wm.l(usenofp.o)
    0x08010bb6   0x08010bb6   0x00000002   PAD
    0x08010bb8   0x08010bb8   0x0000000c   Data   RO          511    .constdata          ins_task.o
    0x08010bc4   0x08010bc4   0x0000000c   Data   RO         1001    .constdata          chassisdetect_task.o
    0x08010bd0   0x08010bd0   0x00000012   Data   RO         1923    .constdata          bmi088driver.o
    0x08010be2   0x08010be2   0x00000002   PAD
    0x08010be4   0x08010be4   0x000000fc   Data   RO         2603    .constdata          freertos.o
    0x08010ce0   0x08010ce0   0x00000008   Data   RO         4670    .constdata          stm32f4xx_hal_dma.o
    0x08010ce8   0x08010ce8   0x00000010   Data   RO         7726    .constdata          system_stm32f4xx.o
    0x08010cf8   0x08010cf8   0x00000008   Data   RO         7727    .constdata          system_stm32f4xx.o
    0x08010d00   0x08010d00   0x00000300   Data   RO        10002    .constdata          crcs.o
    0x08011000   0x08011000   0x00000804   Data   RO        10776    .constdata          commontables.o
    0x08011804   0x08011804   0x0000000c   Data   RO        15018    .constdata          AHRS.lib(ahrs.o)
    0x08011810   0x08011810   0x00000088   Data   RO        15305    .constdata          m_wm.l(pow.o)
    0x08011898   0x08011898   0x00000008   Data   RO        15510    .constdata          m_wm.l(qnan.o)
    0x080118a0   0x080118a0   0x0000007a   Data   RO         2604    .conststring        freertos.o
    0x0801191a   0x0801191a   0x00000002   PAD
    0x0801191c   0x0801191c   0x00000020   Data   RO        15655    Region$$Table       anon$$obj.o


    Execution Region RW_IRAM2 (Exec base: 0x10000000, Load base: 0x08011ac8, Size: 0x00000000, Max: 0x00010000, ABSOLUTE)

    **** No section assigned to this execution region ****


    Execution Region RW_IRAM1 (Exec base: 0x20000000, Load base: 0x0801193c, Size: 0x0000e4b0, Max: 0x00020000, ABSOLUTE, COMPRESSED[0x0000018c])

    Exec Addr    Load Addr    Size         Type   Attr      Idx    E Section Name        Object

    0x20000000   COMPRESSED   0x00000008   Data   RW           16    .data               bsp_delay.o
    0x20000008   COMPRESSED   0x000000a4   Data   RW          513    .data               ins_task.o
    0x200000ac   COMPRESSED   0x0000006c   Data   RW          885    .data               chassiscontrol_task.o
    0x20000118   COMPRESSED   0x00000014   Data   RW          886    .data               chassiscontrol_task.o
    0x2000012c   COMPRESSED   0x00000014   Data   RW          888    .data               chassiscontrol_task.o
    0x20000140   COMPRESSED   0x00000008   Data   RW         1084    .data               chassisswitch_task.o
    0x20000148   COMPRESSED   0x00000004   Data   RW         1158    .data               referee_usart_task.o
    0x2000014c   COMPRESSED   0x0000000e   Data   RW         1161    .data               referee_usart_task.o
    0x2000015a   COMPRESSED   0x00000002   PAD
    0x2000015c   COMPRESSED   0x00000038   Data   RW         1299    .data               slideblock_task.o
    0x20000194   COMPRESSED   0x00000002   Data   RW         1499    .data               remote_control.o
    0x20000196   COMPRESSED   0x00000002   PAD
    0x20000198   COMPRESSED   0x00000004   Data   RW         1633    .data               can_receive.o
    0x2000019c   COMPRESSED   0x00000022   Data   RW         1634    .data               can_receive.o
    0x200001be   COMPRESSED   0x0000003e   Data   RW         1787    .data               referee.o
    0x200001fc   COMPRESSED   0x0000002c   Data   RW         1924    .data               bmi088driver.o
    0x20000228   COMPRESSED   0x00000002   Data   RW         2435    .data               dm9015.o
    0x2000022a   COMPRESSED   0x00000002   PAD
    0x2000022c   COMPRESSED   0x00000024   Data   RW         2605    .data               freertos.o
    0x20000250   COMPRESSED   0x00000004   Data   RW         2682    .data               can.o
    0x20000254   COMPRESSED   0x00000008   Data   RW         2729    .data               crc.o
    0x2000025c   COMPRESSED   0x0000001c   Data   RW         3255    .data               usbd_desc.o
    0x20000278   COMPRESSED   0x00000032   Data   RW         3256    .data               usbd_desc.o
    0x200002aa   COMPRESSED   0x00000002   PAD
    0x200002ac   COMPRESSED   0x00000014   Data   RW         3326    .data               usbd_cdc_if.o
    0x200002c0   COMPRESSED   0x0000000c   Data   RW         5097    .data               stm32f4xx_hal.o
    0x200002cc   COMPRESSED   0x00000004   Data   RW         7728    .data               system_stm32f4xx.o
    0x200002d0   COMPRESSED   0x0000003c   Data   RW         8309    .data               tasks.o
    0x2000030c   COMPRESSED   0x00000014   Data   RW         8639    .data               timers.o
    0x20000320   COMPRESSED   0x00000020   Data   RW         9170    .data               heap_4.o
    0x20000340   COMPRESSED   0x0000000c   Data   RW         9226    .data               port.o
    0x2000034c   COMPRESSED   0x00000001   Data   RW         9472    .data               usbd_ctlreq.o
    0x2000034d   COMPRESSED   0x00000003   PAD
    0x20000350   COMPRESSED   0x00000053   Data   RW         9631    .data               usbd_cdc.o
    0x200003a3   COMPRESSED   0x00000001   PAD
    0x200003a4   COMPRESSED   0x00000038   Data   RW         9632    .data               usbd_cdc.o
    0x200003dc   COMPRESSED   0x00000010   Data   RW        15019    .data               AHRS.lib(ahrs.o)
    0x200003ec        -       0x0000014c   Zero   RW          508    .bss                ins_task.o
    0x20000538        -       0x00000300   Zero   RW          883    .bss                chassiscontrol_task.o
    0x20000838        -       0x0000048c   Zero   RW         1000    .bss                chassisdetect_task.o
    0x20000cc4        -       0x000004a1   Zero   RW         1154    .bss                referee_usart_task.o
    0x20001165        -       0x00000400   Zero   RW         1155    .bss                referee_usart_task.o
    0x20001565   COMPRESSED   0x00000003   PAD
    0x20001568        -       0x000000c0   Zero   RW         1298    .bss                slideblock_task.o
    0x20001628        -       0x0000005e   Zero   RW         1498    .bss                remote_control.o
    0x20001686   COMPRESSED   0x00000002   PAD
    0x20001688        -       0x000000e4   Zero   RW         1631    .bss                can_receive.o
    0x2000176c        -       0x00000010   Zero   RW         1632    .bss                can_receive.o
    0x2000177c        -       0x00000065   Zero   RW         1775    .bss                referee.o
    0x200017e1        -       0x0000005a   Zero   RW         1782    .bss                referee.o
    0x2000183b        -       0x00000078   Zero   RW         1783    .bss                referee.o
    0x200018b3        -       0x0000003c   Zero   RW         1784    .bss                referee.o
    0x200018ef        -       0x0000003c   Zero   RW         1785    .bss                referee.o
    0x2000192b   COMPRESSED   0x00000005   PAD
    0x20001930        -       0x00000060   Zero   RW         2434    .bss                dm9015.o
    0x20001990        -       0x000006a8   Zero   RW         2602    .bss                freertos.o
    0x20002038        -       0x00000050   Zero   RW         2681    .bss                can.o
    0x20002088        -       0x00000054   Zero   RW         2795    .bss                i2c.o
    0x200020dc        -       0x00000118   Zero   RW         2837    .bss                spi.o
    0x200021f4        -       0x00000120   Zero   RW         2885    .bss                tim.o
    0x20002314        -       0x000002ac   Zero   RW         2959    .bss                usart.o
    0x200025c0        -       0x000002dc   Zero   RW         3009    .bss                usb_device.o
    0x2000289c        -       0x0000072c   Zero   RW         3070    .bss                usbd_conf.o
    0x20002fc8        -       0x00000200   Zero   RW         3254    .bss                usbd_desc.o
    0x200031c8        -       0x00001000   Zero   RW         3325    .bss                usbd_cdc_if.o
    0x200041c8        -       0x00000048   Zero   RW         3575    .bss                stm32f4xx_hal_timebase_tim.o
    0x20004210        -       0x00000040   Zero   RW         7935    .bss                queue.o
    0x20004250        -       0x000000f0   Zero   RW         8308    .bss                tasks.o
    0x20004340        -       0x00000110   Zero   RW         8638    .bss                timers.o
    0x20004450        -       0x00006000   Zero   RW         9169    .bss                heap_4.o
    0x2000a450        -       0x00000060   Zero   RW        15517    .bss                c_w.l(libspace.o)
    0x2000a4b0        -       0x00002000   Zero   RW            2    HEAP                startup_stm32f407xx.o
    0x2000c4b0        -       0x00002000   Zero   RW            1    STACK               startup_stm32f407xx.o


==============================================================================

Image component sizes


      Code (inc. data)   RO Data    RW Data    ZI Data      Debug   Object Name

        70          6          0          0          0       5544   ahrs_middleware.o
      2166         34         18         44          0      10819   bmi088driver.o
       108         28          0          0          0       4660   bmi088middleware.o
        88          8          0          0          0        598   bsp_can.o
        92         18          0          8          0     607084   bsp_delay.o
        12          4          0          0          0        514   bsp_imu_pwm.o
        96         12          0          0          0       1054   bsp_rc.o
      4964         74          0          0          0       2450   bsp_spi.o
         0          0          0          0          0     719388   bsp_tim.o
       388         42          0          4         80       2542   can.o
       658         70          0         38        244       8350   can_receive.o
      2352        280          0        148        768      15379   chassiscontrol_task.o
       592         64         12          0       1164       4897   chassisdetect_task.o
      2452        416          0          8          0       7275   chassisswitch_task.o
       130          0          0          0          0      23111   cmsis_os.o
         0          0       2052          0          0      13371   commontables.o
        76         18          0          8          0       1571   crc.o
       156         10        768          0          0       3550   crcs.o
       592         54          0          2         96       4871   dm9015.o
       156          4          0          0          0        878   dma.o
         0          0          0          0          0      19776   event_groups.o
       260         28          0          0          0       1676   fastmathfunctions.o
       194          0          0          0          0       9837   fifo.o
       210          6          0          0          0       2713   filter.o
       284         26        374         36       1704       8824   freertos.o
        80          6          0          0          0       4370   gimbal_task.o
       432         26          0          0          0       1235   gpio.o
       504         32          0         32      24576       5151   heap_4.o
       200         32          0          0         84       1773   i2c.o
      2100        174         12        164        332      42242   ins_task.o
        36          8          0          0          0      17819   led_task.o
       144          0          0          0          0       3706   list.o
       334         30          0          0          0       3182   main.o
       452         14          0          0          0     585606   pid.o
       814         92          0         12          0      12225   port.o
      1586         24          0          0         64      17972   queue.o
      1576         54          0         62        431      19124   referee.o
      1808        468          0         18       2209      14014   referee_usart_task.o
       376         28          0          2         94       4414   remote_control.o
       996        110          0         56        192       9508   slideblock_task.o
       324         34          0          0        280       1959   spi.o
        64         26        392          0      16384        856   startup_stm32f407xx.o
       116         18          0         12          0       8862   stm32f4xx_hal.o
      1658          6          0          0          0      14687   stm32f4xx_hal_can.o
       158         14          0          0          0      33246   stm32f4xx_hal_cortex.o
        34          0          0          0          0       1091   stm32f4xx_hal_crc.o
      1084         16          8          0          0       7538   stm32f4xx_hal_dma.o
       546         52          0          0          0       3564   stm32f4xx_hal_gpio.o
       392         16          0          0          0       3159   stm32f4xx_hal_i2c.o
        56          4          0          0          0        878   stm32f4xx_hal_msp.o
      2638         12          0          0          0      14020   stm32f4xx_hal_pcd.o
        78          0          0          0          0       2489   stm32f4xx_hal_pcd_ex.o
      1424         92          0          0          0       6545   stm32f4xx_hal_rcc.o
       942         12          0          0          0       5017   stm32f4xx_hal_spi.o
      1792        108          0          0          0      15300   stm32f4xx_hal_tim.o
       232         28          0          0          0       3377   stm32f4xx_hal_tim_ex.o
       116         14          0          0         72       1459   stm32f4xx_hal_timebase_tim.o
      1894         30          0          0          0      14798   stm32f4xx_hal_uart.o
       216         74          0          0          0      12171   stm32f4xx_it.o
      2888        134          0          0          0      24655   stm32f4xx_ll_usb.o
        16          4         24          4          0       1167   system_stm32f4xx.o
      3310        274          0         60        240      36305   tasks.o
       828         88          0          0        288       5225   tim.o
      1088         94          0         20        272      31219   timers.o
       784         78          0          0        684       3711   usart.o
        84         18          0          0        732        816   usb_device.o
      1362         36          0        139          0      14215   usbd_cdc.o
        72         16          0         20       4096       3214   usbd_cdc_if.o
       644         24          0          0       1836      16560   usbd_conf.o
      1042          0          0          0          0      16873   usbd_core.o
      1908         28          0          1          0      18328   usbd_ctlreq.o
       288        104          0         78        512       6125   usbd_desc.o
       132          0          0          0          0       4668   usbd_ioreq.o
         0          0          0          0          0       7631   vofa_send.o

    ----------------------------------------------------------------------
     55824       3754       3696        988      57444    2564801   Object Totals
         0          0         32          0          0          0   (incl. Generated)
        80          0          4         12         10          0   (incl. Padding)

    ----------------------------------------------------------------------

      Code (inc. data)   RO Data    RW Data    ZI Data      Debug   Library Member Name

      2718         84         12         16          0       9922   ahrs.o
        90          0          0          0          0          0   __dczerorl2.o
         8          0          0          0          0         68   __main.o
         0          0          0          0          0          0   __rtentry.o
        12          0          0          0          0          0   __rtentry2.o
         6          0          0          0          0          0   __rtentry4.o
        52          8          0          0          0          0   __scatter.o
        28          0          0          0          0          0   __scatter_zi.o
        22          0          0          0          0        100   _rserrno.o
        16          0          0          0          0         68   aeabi_memset.o
        18          0          0          0          0         80   exit.o
         6          0          0          0          0        152   heapauxi.o
         0          0          0          0          0          0   indicate_semi.o
         2          0          0          0          0          0   libinit.o
         6          0          0          0          0          0   libinit2.o
         2          0          0          0          0          0   libshutdown.o
         2          0          0          0          0          0   libshutdown2.o
         8          4          0          0         96         68   libspace.o
       238          0          0          0          0        100   lludivv7m.o
         8          4          0          0          0         68   rt_errno_addr_intlibspace.o
        68          0          0          0          0         68   rt_memclr.o
        78          0          0          0          0         80   rt_memclr_w.o
       138          0          0          0          0         68   rt_memcpy_v6.o
       100          0          0          0          0         80   rt_memcpy_w.o
         2          0          0          0          0          0   rtexit.o
        10          0          0          0          0          0   rtexit2.o
        62          0          0          0          0         76   strlen.o
        12          4          0          0          0         68   sys_exit.o
        74          0          0          0          0         80   sys_stackheap_outer.o
         2          0          0          0          0         68   use_no_semi.o
        24          0          0          0          0        164   basic.o
        98          4          0          0          0        140   d2f.o
       826         16          0          0          0        492   daddsub_clz.o
        16          4          0          0          0        116   dcheck1.o
        24          0          0          0          0        116   dcmpi.o
       688        140          0          0          0        256   ddiv.o
        46          0          0          0          0        116   dflt_clz.o
       120          4          0          0          0        140   dleqf.o
       340         12          0          0          0        152   dmul.o
       156          4          0          0          0        140   dnaninf.o
        12          0          0          0          0        116   dretinf.o
       108          0          0          0          0        128   drleqf.o
       408         56          0          0          0        168   dsqrt_umaal.o
        86          4          0          0          0        132   f2d.o
        96          0          0          0          0        132   ffltll_clz.o
       140          4          0          0          0        132   fnaninf.o
        10          0          0          0          0        116   fpinit.o
        10          0          0          0          0        116   fretinf.o
       100          0          0          0          0        116   retnan.o
        92          0          0          0          0        116   scalbn.o
        48          0          0          0          0        116   trapv.o
         0          0          0          0          0          0   usenofp.o
       300         42          0          0          0        176   asinf.o
       684         90          0          0          0        208   atan2f.o
       164         44          0          0          0        620   dunder.o
        24          0          0          0          0        124   fabs.o
        48          0          0          0          0        124   fpclassify.o
        38          0          0          0          0        116   fpclassifyf.o
        44         12          0          0          0        464   funder.o
       248          0          0          0          0        152   poly.o
      3152        296        136          0          0        352   pow.o
         0          0          8          0          0          0   qnan.o
       232          0          0          0          0        296   sqrt.o
       120          0          0          0          0        272   sqrtf.o

    ----------------------------------------------------------------------
     12320        840        156         16         96      17338   Library Totals
        30          4          0          0          0          0   (incl. Padding)

    ----------------------------------------------------------------------

      Code (inc. data)   RO Data    RW Data    ZI Data      Debug   Library Name

      2718         84         12         16          0       9922   AHRS.lib
      1070         20          0          0         96       1292   c_w.l
      3448        248          0          0          0       3220   fz_wm.l
      5054        484        144          0          0       2904   m_wm.l

    ----------------------------------------------------------------------
     12320        840        156         16         96      17338   Library Totals

    ----------------------------------------------------------------------

==============================================================================


      Code (inc. data)   RO Data    RW Data    ZI Data      Debug   

     68144       4594       3852       1004      57540    2530115   Grand Totals
     68144       4594       3852        396      57540    2530115   ELF Image Totals (compressed)
     68144       4594       3852        396          0          0   ROM Totals

==============================================================================

    Total RO  Size (Code + RO Data)                71996 (  70.31kB)
    Total RW  Size (RW Data + ZI Data)             58544 (  57.17kB)
    Total ROM Size (Code + RO Data + RW Data)      72392 (  70.70kB)

==============================================================================

